Jan 16 17:16:20 CHISNEY kernel: Linux version 6.6.87.2-microsoft-standard-WSL2 (root@439a258ad544) (gcc (GCC) 11.2.0, GNU ld (GNU Binutils) 2.37) #1 SMP PREEMPT_DYNAMIC Thu Jun  5 18:30:46 UTC 2025
Jan 16 17:16:20 CHISNEY kernel: Command line: initrd=\initrd.img WSL_ROOT_INIT=1 panic=-1 nr_cpus=2 hv_utils.timesync_implicit=1 console=hvc0 debug pty.legacy_count=0 WSL_ENABLE_CRASH_DUMP=1
Jan 16 17:16:20 CHISNEY kernel: KERNEL supported cpus:
Jan 16 17:16:20 CHISNEY kernel:   Intel GenuineIntel
Jan 16 17:16:20 CHISNEY kernel:   AMD AuthenticAMD
Jan 16 17:16:20 CHISNEY kernel: BIOS-provided physical RAM map:
Jan 16 17:16:20 CHISNEY kernel: BIOS-e820: [mem 0x0000000000000000-0x000000000009ffff] usable
Jan 16 17:16:20 CHISNEY kernel: BIOS-e820: [mem 0x00000000000e0000-0x00000000000e0fff] reserved
Jan 16 17:16:20 CHISNEY kernel: BIOS-e820: [mem 0x0000000000100000-0x00000000001fffff] ACPI data
Jan 16 17:16:20 CHISNEY kernel: BIOS-e820: [mem 0x0000000000200000-0x000000007fffffff] usable
Jan 16 17:16:20 CHISNEY kernel: NX (Execute Disable) protection: active
Jan 16 17:16:20 CHISNEY kernel: APIC: Static calls initialized
Jan 16 17:16:20 CHISNEY kernel: DMI not present or invalid.
Jan 16 17:16:20 CHISNEY kernel: Hypervisor detected: Microsoft Hyper-V
Jan 16 17:16:20 CHISNEY kernel: Hyper-V: privilege flags low 0x2e7f, high 0x3b8030, hints 0x22c2c, misc 0x24bed7b6
Jan 16 17:16:20 CHISNEY kernel: Hyper-V: Nested features: 0x0
Jan 16 17:16:20 CHISNEY kernel: Hyper-V: LAPIC Timer Frequency: 0xc3500
Jan 16 17:16:20 CHISNEY kernel: Hyper-V: Using hypercall for remote TLB flush
Jan 16 17:16:20 CHISNEY kernel: clocksource: hyperv_clocksource_tsc_page: mask: 0xffffffffffffffff max_cycles: 0x24e6a1710, max_idle_ns: 440795202120 ns
Jan 16 17:16:20 CHISNEY kernel: clocksource: hyperv_clocksource_msr: mask: 0xffffffffffffffff max_cycles: 0x24e6a1710, max_idle_ns: 440795202120 ns
Jan 16 17:16:20 CHISNEY kernel: tsc: Marking TSC unstable due to running on Hyper-V
Jan 16 17:16:20 CHISNEY kernel: tsc: Detected 2399.999 MHz processor
Jan 16 17:16:20 CHISNEY kernel: e820: update [mem 0x00000000-0x00000fff] usable ==> reserved
Jan 16 17:16:20 CHISNEY kernel: e820: remove [mem 0x000a0000-0x000fffff] usable
Jan 16 17:16:20 CHISNEY kernel: last_pfn = 0x80000 max_arch_pfn = 0x400000000
Jan 16 17:16:20 CHISNEY kernel: MTRR map: 5 entries (4 fixed + 1 variable; max 20), built from 8 variable MTRRs
Jan 16 17:16:20 CHISNEY kernel: x86/PAT: Configuration [0-7]: WB  WC  UC- UC  WB  WP  UC- WT  
Jan 16 17:16:20 CHISNEY kernel: Using GB pages for direct mapping
Jan 16 17:16:20 CHISNEY kernel: RAMDISK: [mem 0x04be4000-0x04e8bfff]
Jan 16 17:16:20 CHISNEY kernel: ACPI: Early table checksum verification disabled
Jan 16 17:16:20 CHISNEY kernel: ACPI: RSDP 0x00000000000E0000 000024 (v02 VRTUAL)
Jan 16 17:16:20 CHISNEY kernel: ACPI: XSDT 0x0000000000100000 000044 (v01 VRTUAL MICROSFT 00000001 MSFT 00000001)
Jan 16 17:16:20 CHISNEY kernel: ACPI: FACP 0x0000000000101000 000114 (v06 VRTUAL MICROSFT 00000001 MSFT 00000001)
Jan 16 17:16:20 CHISNEY kernel: ACPI: DSDT 0x00000000001011B8 01E184 (v02 MSFTVM DSDT01   00000001 MSFT 05000000)
Jan 16 17:16:20 CHISNEY kernel: ACPI: FACS 0x0000000000101114 000040
Jan 16 17:16:20 CHISNEY kernel: ACPI: OEM0 0x0000000000101154 000064 (v01 VRTUAL MICROSFT 00000001 MSFT 00000001)
Jan 16 17:16:20 CHISNEY kernel: ACPI: SRAT 0x000000000011F33C 000230 (v02 VRTUAL MICROSFT 00000001 MSFT 00000001)
Jan 16 17:16:20 CHISNEY kernel: ACPI: APIC 0x000000000011F56C 000058 (v04 VRTUAL MICROSFT 00000001 MSFT 00000001)
Jan 16 17:16:20 CHISNEY kernel: ACPI: Reserving FACP table memory at [mem 0x101000-0x101113]
Jan 16 17:16:20 CHISNEY kernel: ACPI: Reserving DSDT table memory at [mem 0x1011b8-0x11f33b]
Jan 16 17:16:20 CHISNEY kernel: ACPI: Reserving FACS table memory at [mem 0x101114-0x101153]
Jan 16 17:16:20 CHISNEY kernel: ACPI: Reserving OEM0 table memory at [mem 0x101154-0x1011b7]
Jan 16 17:16:20 CHISNEY kernel: ACPI: Reserving SRAT table memory at [mem 0x11f33c-0x11f56b]
Jan 16 17:16:20 CHISNEY kernel: ACPI: Reserving APIC table memory at [mem 0x11f56c-0x11f5c3]
Jan 16 17:16:20 CHISNEY kernel: SRAT: PXM 0 -> APIC 0x00 -> Node 0
Jan 16 17:16:20 CHISNEY kernel: SRAT: PXM 0 -> APIC 0x01 -> Node 0
Jan 16 17:16:20 CHISNEY kernel: ACPI: SRAT: Node 0 PXM 0 [mem 0x00000000-0x7fffffff] hotplug
Jan 16 17:16:20 CHISNEY kernel: ACPI: SRAT: Node 0 PXM 0 [mem 0x80000000-0xf7ffffff] hotplug
Jan 16 17:16:20 CHISNEY kernel: ACPI: SRAT: Node 0 PXM 0 [mem 0x100000000-0x9ffdfffff] hotplug
Jan 16 17:16:20 CHISNEY kernel: ACPI: SRAT: Node 0 PXM 0 [mem 0x1000000000-0xffffffffff] hotplug
Jan 16 17:16:20 CHISNEY kernel: ACPI: SRAT: Node 0 PXM 0 [mem 0x10000000000-0x1ffffffffff] hotplug
Jan 16 17:16:20 CHISNEY kernel: ACPI: SRAT: Node 0 PXM 0 [mem 0x20000000000-0x3ffffffffff] hotplug
Jan 16 17:16:20 CHISNEY kernel: ACPI: SRAT: Node 0 PXM 0 [mem 0x40000000000-0x7ffffffffff] hotplug
Jan 16 17:16:20 CHISNEY kernel: ACPI: SRAT: Node 0 PXM 0 [mem 0x80000000000-0xfffffffffff] hotplug
Jan 16 17:16:20 CHISNEY kernel: ACPI: SRAT: Node 0 PXM 0 [mem 0x100000000000-0x1fffffffffff] hotplug
Jan 16 17:16:20 CHISNEY kernel: ACPI: SRAT: Node 0 PXM 0 [mem 0x200000000000-0x3fffffffffff] hotplug
Jan 16 17:16:20 CHISNEY kernel: ACPI: SRAT: Node 0 PXM 0 [mem 0x400000000000-0x7fffffffffff] hotplug
Jan 16 17:16:20 CHISNEY kernel: ACPI: SRAT: Node 0 PXM 0 [mem 0x800000000000-0xffffffffffff] hotplug
Jan 16 17:16:20 CHISNEY kernel: NODE_DATA(0) allocated [mem 0x7ffde000-0x7fffffff]
Jan 16 17:16:20 CHISNEY kernel: Zone ranges:
Jan 16 17:16:20 CHISNEY kernel:   DMA32    [mem 0x0000000000001000-0x000000007fffffff]
Jan 16 17:16:20 CHISNEY kernel:   Normal   empty
Jan 16 17:16:20 CHISNEY kernel:   Device   empty
Jan 16 17:16:20 CHISNEY kernel: Movable zone start for each node
Jan 16 17:16:20 CHISNEY kernel: Early memory node ranges
Jan 16 17:16:20 CHISNEY kernel:   node   0: [mem 0x0000000000001000-0x000000000009ffff]
Jan 16 17:16:20 CHISNEY kernel:   node   0: [mem 0x0000000000200000-0x000000007fffffff]
Jan 16 17:16:20 CHISNEY kernel: Initmem setup node 0 [mem 0x0000000000001000-0x000000007fffffff]
Jan 16 17:16:20 CHISNEY kernel: On node 0, zone DMA32: 1 pages in unavailable ranges
Jan 16 17:16:20 CHISNEY kernel: On node 0, zone DMA32: 352 pages in unavailable ranges
Jan 16 17:16:20 CHISNEY kernel: ACPI: PM-Timer IO Port: 0x408
Jan 16 17:16:20 CHISNEY kernel: ACPI: LAPIC_NMI (acpi_id[0x01] dfl dfl lint[0x1])
Jan 16 17:16:20 CHISNEY kernel: IOAPIC[0]: apic_id 2, version 17, address 0xfec00000, GSI 0-23
Jan 16 17:16:20 CHISNEY kernel: ACPI: INT_SRC_OVR (bus 0 bus_irq 9 global_irq 9 high level)
Jan 16 17:16:20 CHISNEY kernel: ACPI: Using ACPI (MADT) for SMP configuration information
Jan 16 17:16:20 CHISNEY kernel: smpboot: Allowing 2 CPUs, 0 hotplug CPUs
Jan 16 17:16:20 CHISNEY kernel: PM: hibernation: Registered nosave memory: [mem 0x00000000-0x00000fff]
Jan 16 17:16:20 CHISNEY kernel: PM: hibernation: Registered nosave memory: [mem 0x000a0000-0x000dffff]
Jan 16 17:16:20 CHISNEY kernel: PM: hibernation: Registered nosave memory: [mem 0x000e0000-0x000e0fff]
Jan 16 17:16:20 CHISNEY kernel: PM: hibernation: Registered nosave memory: [mem 0x000e1000-0x000fffff]
Jan 16 17:16:20 CHISNEY kernel: PM: hibernation: Registered nosave memory: [mem 0x00100000-0x001fffff]
Jan 16 17:16:20 CHISNEY kernel: [mem 0x80000000-0xffffffff] available for PCI devices
Jan 16 17:16:20 CHISNEY kernel: Booting paravirtualized kernel on Hyper-V
Jan 16 17:16:20 CHISNEY kernel: clocksource: refined-jiffies: mask: 0xffffffff max_cycles: 0xffffffff, max_idle_ns: 7645519600211568 ns
Jan 16 17:16:20 CHISNEY kernel: setup_percpu: NR_CPUS:8192 nr_cpumask_bits:2 nr_cpu_ids:2 nr_node_ids:1
Jan 16 17:16:20 CHISNEY kernel: percpu: Embedded 63 pages/cpu s221184 r8192 d28672 u1048576
Jan 16 17:16:20 CHISNEY kernel: pcpu-alloc: s221184 r8192 d28672 u1048576 alloc=1*2097152
Jan 16 17:16:20 CHISNEY kernel: pcpu-alloc: [0] 0 1 
Jan 16 17:16:20 CHISNEY kernel: Hyper-V: PV spinlocks enabled
Jan 16 17:16:20 CHISNEY kernel: PV qspinlock hash table entries: 256 (order: 0, 4096 bytes, linear)
Jan 16 17:16:20 CHISNEY kernel: Kernel command line: initrd=\initrd.img WSL_ROOT_INIT=1 panic=-1 nr_cpus=2 hv_utils.timesync_implicit=1 console=hvc0 debug pty.legacy_count=0 WSL_ENABLE_CRASH_DUMP=1
Jan 16 17:16:20 CHISNEY kernel: Unknown kernel command line parameters "WSL_ROOT_INIT=1 WSL_ENABLE_CRASH_DUMP=1", will be passed to user space.
Jan 16 17:16:20 CHISNEY kernel: random: crng init done
Jan 16 17:16:20 CHISNEY kernel: Dentry cache hash table entries: 262144 (order: 9, 2097152 bytes, linear)
Jan 16 17:16:20 CHISNEY kernel: Inode-cache hash table entries: 131072 (order: 8, 1048576 bytes, linear)
Jan 16 17:16:20 CHISNEY kernel: Fallback order for Node 0: 0 
Jan 16 17:16:20 CHISNEY kernel: Built 1 zonelists, mobility grouping on.  Total pages: 515584
Jan 16 17:16:20 CHISNEY kernel: Policy zone: DMA32
Jan 16 17:16:20 CHISNEY kernel: mem auto-init: stack:off, heap alloc:on, heap free:off
Jan 16 17:16:20 CHISNEY kernel: software IO TLB: area num 2.
Jan 16 17:16:20 CHISNEY kernel: Memory: 257116K/2095740K available (20480K kernel code, 3457K rwdata, 13496K rodata, 4492K init, 6208K bss, 155400K reserved, 0K cma-reserved)
Jan 16 17:16:20 CHISNEY kernel: SLUB: HWalign=64, Order=0-3, MinObjects=0, CPUs=2, Nodes=1
Jan 16 17:16:20 CHISNEY kernel: Kernel/User page tables isolation: enabled
Jan 16 17:16:20 CHISNEY kernel: ftrace: allocating 55808 entries in 218 pages
Jan 16 17:16:20 CHISNEY kernel: ftrace: allocated 218 pages with 5 groups
Jan 16 17:16:20 CHISNEY kernel: Dynamic Preempt: none
Jan 16 17:16:20 CHISNEY kernel: rcu: Preemptible hierarchical RCU implementation.
Jan 16 17:16:20 CHISNEY kernel: rcu:         RCU restricting CPUs from NR_CPUS=8192 to nr_cpu_ids=2.
Jan 16 17:16:20 CHISNEY kernel:         Trampoline variant of Tasks RCU enabled.
Jan 16 17:16:20 CHISNEY kernel:         Rude variant of Tasks RCU enabled.
Jan 16 17:16:20 CHISNEY kernel:         Tracing variant of Tasks RCU enabled.
Jan 16 17:16:20 CHISNEY kernel: rcu: RCU calculated value of scheduler-enlistment delay is 25 jiffies.
Jan 16 17:16:20 CHISNEY kernel: rcu: Adjusting geometry for rcu_fanout_leaf=16, nr_cpu_ids=2
Jan 16 17:16:20 CHISNEY kernel: Using NULL legacy PIC
Jan 16 17:16:20 CHISNEY kernel: NR_IRQS: 524544, nr_irqs: 440, preallocated irqs: 0
Jan 16 17:16:20 CHISNEY kernel: rcu: srcu_init: Setting srcu_struct sizes based on contention.
Jan 16 17:16:20 CHISNEY kernel: Console: colour dummy device 80x25
Jan 16 17:16:20 CHISNEY kernel: ACPI: Core revision 20230628
Jan 16 17:16:20 CHISNEY kernel: Failed to register legacy timer interrupt
Jan 16 17:16:20 CHISNEY kernel: APIC: Switch to symmetric I/O mode setup
Jan 16 17:16:20 CHISNEY kernel: Hyper-V: Host Build 10.0.19041.6809-6-0
Jan 16 17:16:20 CHISNEY kernel: Hyper-V: enabling crash_kexec_post_notifiers
Jan 16 17:16:20 CHISNEY kernel: Hyper-V: Using IPI hypercalls
Jan 16 17:16:20 CHISNEY kernel: APIC: send_IPI() replaced with hv_send_ipi()
Jan 16 17:16:20 CHISNEY kernel: APIC: send_IPI_mask() replaced with hv_send_ipi_mask()
Jan 16 17:16:20 CHISNEY kernel: APIC: send_IPI_mask_allbutself() replaced with hv_send_ipi_mask_allbutself()
Jan 16 17:16:20 CHISNEY kernel: APIC: send_IPI_allbutself() replaced with hv_send_ipi_allbutself()
Jan 16 17:16:20 CHISNEY kernel: APIC: send_IPI_all() replaced with hv_send_ipi_all()
Jan 16 17:16:20 CHISNEY kernel: APIC: send_IPI_self() replaced with hv_send_ipi_self()
Jan 16 17:16:20 CHISNEY kernel: Hyper-V: Using enlightened APIC (xapic mode)
Jan 16 17:16:20 CHISNEY kernel: APIC: eoi() replaced with hv_apic_eoi_write()
Jan 16 17:16:20 CHISNEY kernel: APIC: read() replaced with hv_apic_read()
Jan 16 17:16:20 CHISNEY kernel: APIC: write() replaced with hv_apic_write()
Jan 16 17:16:20 CHISNEY kernel: APIC: icr_write() replaced with hv_apic_icr_write()
Jan 16 17:16:20 CHISNEY kernel: APIC: icr_read() replaced with hv_apic_icr_read()
Jan 16 17:16:20 CHISNEY kernel: Calibrating delay loop (skipped), value calculated using timer frequency.. 4799.99 BogoMIPS (lpj=9599996)
Jan 16 17:16:20 CHISNEY kernel: Last level iTLB entries: 4KB 64, 2MB 8, 4MB 8
Jan 16 17:16:20 CHISNEY kernel: Last level dTLB entries: 4KB 64, 2MB 32, 4MB 32, 1GB 4
Jan 16 17:16:20 CHISNEY kernel: Spectre V1 : Mitigation: usercopy/swapgs barriers and __user pointer sanitization
Jan 16 17:16:20 CHISNEY kernel: Spectre V2 : Spectre BHI mitigation: SW BHB clearing on vm exit
Jan 16 17:16:20 CHISNEY kernel: Spectre V2 : Spectre BHI mitigation: SW BHB clearing on syscall
Jan 16 17:16:20 CHISNEY kernel: Spectre V2 : Mitigation: IBRS
Jan 16 17:16:20 CHISNEY kernel: Spectre V2 : Spectre v2 / SpectreRSB mitigation: Filling RSB on context switch
Jan 16 17:16:20 CHISNEY kernel: Spectre V2 : Spectre v2 / SpectreRSB : Filling RSB on VMEXIT
Jan 16 17:16:20 CHISNEY kernel: RETBleed: Mitigation: IBRS
Jan 16 17:16:20 CHISNEY kernel: Spectre V2 : mitigation: Enabling conditional Indirect Branch Prediction Barrier
Jan 16 17:16:20 CHISNEY kernel: Spectre V2 : User space: Mitigation: STIBP via prctl
Jan 16 17:16:20 CHISNEY kernel: Speculative Store Bypass: Mitigation: Speculative Store Bypass disabled via prctl
Jan 16 17:16:20 CHISNEY kernel: MDS: Mitigation: Clear CPU buffers
Jan 16 17:16:20 CHISNEY kernel: MMIO Stale Data: Mitigation: Clear CPU buffers
Jan 16 17:16:20 CHISNEY kernel: SRBDS: Unknown: Dependent on hypervisor status
Jan 16 17:16:20 CHISNEY kernel: GDS: Unknown: Dependent on hypervisor status
Jan 16 17:16:20 CHISNEY kernel: x86/fpu: Supporting XSAVE feature 0x001: 'x87 floating point registers'
Jan 16 17:16:20 CHISNEY kernel: x86/fpu: Supporting XSAVE feature 0x002: 'SSE registers'
Jan 16 17:16:20 CHISNEY kernel: x86/fpu: Supporting XSAVE feature 0x004: 'AVX registers'
Jan 16 17:16:20 CHISNEY kernel: x86/fpu: xstate_offset[2]:  576, xstate_sizes[2]:  256
Jan 16 17:16:20 CHISNEY kernel: x86/fpu: Enabled xstate features 0x7, context size is 832 bytes, using 'compacted' format.
Jan 16 17:16:20 CHISNEY kernel: Freeing SMP alternatives memory: 44K
Jan 16 17:16:20 CHISNEY kernel: pid_max: default: 32768 minimum: 301
Jan 16 17:16:20 CHISNEY kernel: LSM: initializing lsm=capability,landlock,yama,safesetid,selinux,integrity
Jan 16 17:16:20 CHISNEY kernel: landlock: Up and running.
Jan 16 17:16:20 CHISNEY kernel: Yama: becoming mindful.
Jan 16 17:16:20 CHISNEY kernel: SELinux:  Initializing.
Jan 16 17:16:20 CHISNEY kernel: Mount-cache hash table entries: 4096 (order: 3, 32768 bytes, linear)
Jan 16 17:16:20 CHISNEY kernel: Mountpoint-cache hash table entries: 4096 (order: 3, 32768 bytes, linear)
Jan 16 17:16:20 CHISNEY kernel: smpboot: CPU0: Intel(R) Core(TM) i5-6200U CPU @ 2.30GHz (family: 0x6, model: 0x4e, stepping: 0x3)
Jan 16 17:16:20 CHISNEY kernel: RCU Tasks: Setting shift to 1 and lim to 1 rcu_task_cb_adjust=1 rcu_task_cpu_ids=2.
Jan 16 17:16:20 CHISNEY kernel: RCU Tasks Rude: Setting shift to 1 and lim to 1 rcu_task_cb_adjust=1 rcu_task_cpu_ids=2.
Jan 16 17:16:20 CHISNEY kernel: RCU Tasks Trace: Setting shift to 1 and lim to 1 rcu_task_cb_adjust=1 rcu_task_cpu_ids=2.
Jan 16 17:16:20 CHISNEY kernel: Performance Events: Skylake events, 32-deep LBR, full-width counters, Intel PMU driver.
Jan 16 17:16:20 CHISNEY kernel: ... version:                4
Jan 16 17:16:20 CHISNEY kernel: ... bit width:              48
Jan 16 17:16:20 CHISNEY kernel: ... generic registers:      4
Jan 16 17:16:20 CHISNEY kernel: ... value mask:             0000ffffffffffff
Jan 16 17:16:20 CHISNEY kernel: ... max period:             00007fffffffffff
Jan 16 17:16:20 CHISNEY kernel: ... fixed-purpose events:   3
Jan 16 17:16:20 CHISNEY kernel: ... event mask:             000000070000000f
Jan 16 17:16:20 CHISNEY kernel: signal: max sigframe size: 1776
Jan 16 17:16:20 CHISNEY kernel: rcu: Hierarchical SRCU implementation.
Jan 16 17:16:20 CHISNEY kernel: rcu:         Max phase no-delay instances is 1000.
Jan 16 17:16:20 CHISNEY kernel: smp: Bringing up secondary CPUs ...
Jan 16 17:16:20 CHISNEY kernel: smpboot: x86: Booting SMP configuration:
Jan 16 17:16:20 CHISNEY kernel: .... node  #0, CPUs:      #1
Jan 16 17:16:20 CHISNEY kernel: MDS CPU bug present and SMT on, data leak possible. See https://www.kernel.org/doc/html/latest/admin-guide/hw-vuln/mds.html for more details.
Jan 16 17:16:20 CHISNEY kernel: MMIO Stale Data CPU bug present and SMT on, data leak possible. See https://www.kernel.org/doc/html/latest/admin-guide/hw-vuln/processor_mmio_stale_data.html for more details.
Jan 16 17:16:20 CHISNEY kernel: smp: Brought up 1 node, 2 CPUs
Jan 16 17:16:20 CHISNEY kernel: smpboot: Max logical packages: 1
Jan 16 17:16:20 CHISNEY kernel: smpboot: Total of 2 processors activated (9599.99 BogoMIPS)
Jan 16 17:16:20 CHISNEY kernel: node 0 deferred pages initialised in 20ms
Jan 16 17:16:20 CHISNEY kernel: devtmpfs: initialized
Jan 16 17:16:20 CHISNEY kernel: x86/mm: Memory block size: 128MB
Jan 16 17:16:20 CHISNEY kernel: clocksource: jiffies: mask: 0xffffffff max_cycles: 0xffffffff, max_idle_ns: 7645041785100000 ns
Jan 16 17:16:20 CHISNEY kernel: futex hash table entries: 512 (order: 3, 32768 bytes, linear)
Jan 16 17:16:20 CHISNEY kernel: pinctrl core: initialized pinctrl subsystem
Jan 16 17:16:20 CHISNEY kernel: NET: Registered PF_NETLINK/PF_ROUTE protocol family
Jan 16 17:16:20 CHISNEY kernel: DMA: preallocated 256 KiB GFP_KERNEL pool for atomic allocations
Jan 16 17:16:20 CHISNEY kernel: DMA: preallocated 256 KiB GFP_KERNEL|GFP_DMA32 pool for atomic allocations
Jan 16 17:16:20 CHISNEY kernel: audit: initializing netlink subsys (disabled)
Jan 16 17:16:20 CHISNEY kernel: audit: type=2000 audit(1768580151.028:1): state=initialized audit_enabled=0 res=1
Jan 16 17:16:20 CHISNEY kernel: thermal_sys: Registered thermal governor 'step_wise'
Jan 16 17:16:20 CHISNEY kernel: thermal_sys: Registered thermal governor 'user_space'
Jan 16 17:16:20 CHISNEY kernel: cpuidle: using governor ladder
Jan 16 17:16:20 CHISNEY kernel: cpuidle: using governor menu
Jan 16 17:16:20 CHISNEY kernel: acpiphp: ACPI Hot Plug PCI Controller Driver version: 0.5
Jan 16 17:16:20 CHISNEY kernel: dca service started, version 1.12.1
Jan 16 17:16:20 CHISNEY kernel: PCI: Fatal: No config space access function found
Jan 16 17:16:20 CHISNEY kernel: kprobes: kprobe jump-optimization is enabled. All kprobes are optimized if possible.
Jan 16 17:16:20 CHISNEY kernel: HugeTLB: registered 1.00 GiB page size, pre-allocated 0 pages
Jan 16 17:16:20 CHISNEY kernel: HugeTLB: 16380 KiB vmemmap can be freed for a 1.00 GiB page
Jan 16 17:16:20 CHISNEY kernel: HugeTLB: registered 2.00 MiB page size, pre-allocated 0 pages
Jan 16 17:16:20 CHISNEY kernel: HugeTLB: 28 KiB vmemmap can be freed for a 2.00 MiB page
Jan 16 17:16:20 CHISNEY kernel: cryptd: max_cpu_qlen set to 1000
Jan 16 17:16:20 CHISNEY kernel: ACPI: Added _OSI(Module Device)
Jan 16 17:16:20 CHISNEY kernel: ACPI: Added _OSI(Processor Device)
Jan 16 17:16:20 CHISNEY kernel: ACPI: Added _OSI(3.0 _SCP Extensions)
Jan 16 17:16:20 CHISNEY kernel: ACPI: Added _OSI(Processor Aggregator Device)
Jan 16 17:16:20 CHISNEY kernel: ACPI: 1 ACPI AML tables successfully acquired and loaded
Jan 16 17:16:20 CHISNEY kernel: ACPI: _OSC evaluation for CPUs failed, trying _PDC
Jan 16 17:16:20 CHISNEY kernel: ACPI: Interpreter enabled
Jan 16 17:16:20 CHISNEY kernel: ACPI: PM: (supports S0 S5)
Jan 16 17:16:20 CHISNEY kernel: ACPI: Using IOAPIC for interrupt routing
Jan 16 17:16:20 CHISNEY kernel: PCI: Using host bridge windows from ACPI; if necessary, use "pci=nocrs" and report a bug
Jan 16 17:16:20 CHISNEY kernel: PCI: Using E820 reservations for host bridge windows
Jan 16 17:16:20 CHISNEY kernel: ACPI: Enabled 2 GPEs in block 00 to 0F
Jan 16 17:16:20 CHISNEY kernel: iommu: Default domain type: Translated
Jan 16 17:16:20 CHISNEY kernel: iommu: DMA domain TLB invalidation policy: lazy mode
Jan 16 17:16:20 CHISNEY kernel: SCSI subsystem initialized
Jan 16 17:16:20 CHISNEY kernel: libata version 3.00 loaded.
Jan 16 17:16:20 CHISNEY kernel: pps_core: LinuxPPS API ver. 1 registered
Jan 16 17:16:20 CHISNEY kernel: pps_core: Software ver. 5.3.6 - Copyright 2005-2007 Rodolfo Giometti <giometti@linux.it>
Jan 16 17:16:20 CHISNEY kernel: PTP clock support registered
Jan 16 17:16:20 CHISNEY kernel: EDAC MC: Ver: 3.0.0
Jan 16 17:16:20 CHISNEY kernel: hv_vmbus: Vmbus version:5.2
Jan 16 17:16:20 CHISNEY kernel: NetLabel: Initializing
Jan 16 17:16:20 CHISNEY kernel: NetLabel:  domain hash size = 128
Jan 16 17:16:20 CHISNEY kernel: NetLabel:  protocols = UNLABELED CIPSOv4 CALIPSO
Jan 16 17:16:20 CHISNEY kernel: NetLabel:  unlabeled traffic allowed by default
Jan 16 17:16:20 CHISNEY kernel: PCI: Using ACPI for IRQ routing
Jan 16 17:16:20 CHISNEY kernel: PCI: System does not support PCI
Jan 16 17:16:20 CHISNEY kernel: vgaarb: loaded
Jan 16 17:16:20 CHISNEY kernel: clocksource: Switched to clocksource hyperv_clocksource_tsc_page
Jan 16 17:16:20 CHISNEY kernel: VFS: Disk quotas dquot_6.6.0
Jan 16 17:16:20 CHISNEY kernel: VFS: Dquot-cache hash table entries: 512 (order 0, 4096 bytes)
Jan 16 17:16:20 CHISNEY kernel: FS-Cache: Loaded
Jan 16 17:16:20 CHISNEY kernel: pnp: PnP ACPI init
Jan 16 17:16:20 CHISNEY kernel: pnp: PnP ACPI: found 1 devices
Jan 16 17:16:20 CHISNEY kernel: clocksource: acpi_pm: mask: 0xffffff max_cycles: 0xffffff, max_idle_ns: 2085701024 ns
Jan 16 17:16:20 CHISNEY kernel: NET: Registered PF_INET protocol family
Jan 16 17:16:20 CHISNEY kernel: IP idents hash table entries: 32768 (order: 6, 262144 bytes, linear)
Jan 16 17:16:20 CHISNEY kernel: tcp_listen_portaddr_hash hash table entries: 1024 (order: 2, 16384 bytes, linear)
Jan 16 17:16:20 CHISNEY kernel: Table-perturb hash table entries: 65536 (order: 6, 262144 bytes, linear)
Jan 16 17:16:20 CHISNEY kernel: TCP established hash table entries: 16384 (order: 5, 131072 bytes, linear)
Jan 16 17:16:20 CHISNEY kernel: TCP bind hash table entries: 16384 (order: 7, 524288 bytes, linear)
Jan 16 17:16:20 CHISNEY kernel: TCP: Hash tables configured (established 16384 bind 16384)
Jan 16 17:16:20 CHISNEY kernel: UDP hash table entries: 1024 (order: 3, 32768 bytes, linear)
Jan 16 17:16:20 CHISNEY kernel: UDP-Lite hash table entries: 1024 (order: 3, 32768 bytes, linear)
Jan 16 17:16:20 CHISNEY kernel: NET: Registered PF_UNIX/PF_LOCAL protocol family
Jan 16 17:16:20 CHISNEY kernel: NET: Registered PF_XDP protocol family
Jan 16 17:16:20 CHISNEY kernel: PCI: CLS 0 bytes, default 64
Jan 16 17:16:20 CHISNEY kernel: PCI-DMA: Using software bounce buffering for IO (SWIOTLB)
Jan 16 17:16:20 CHISNEY kernel: software IO TLB: mapped [mem 0x0000000079a00000-0x000000007da00000] (64MB)
Jan 16 17:16:20 CHISNEY kernel: Trying to unpack rootfs image as initramfs...
Jan 16 17:16:20 CHISNEY kernel: RAPL PMU: API unit is 2^-32 Joules, 0 fixed counters, 10737418240 ms ovfl timer
Jan 16 17:16:20 CHISNEY kernel: Initialise system trusted keyrings
Jan 16 17:16:20 CHISNEY kernel: Key type blacklist registered
Jan 16 17:16:20 CHISNEY kernel: workingset: timestamp_bits=36 max_order=19 bucket_order=0
Jan 16 17:16:20 CHISNEY kernel: squashfs: version 4.0 (2009/01/31) Phillip Lougher
Jan 16 17:16:20 CHISNEY kernel: fuse: init (API version 7.39)
Jan 16 17:16:20 CHISNEY kernel: SGI XFS with ACLs, security attributes, realtime, verbose warnings, quota, no debug enabled
Jan 16 17:16:20 CHISNEY kernel: 9p: Installing v9fs 9p2000 file system support
Jan 16 17:16:20 CHISNEY kernel: Freeing initrd memory: 2720K
Jan 16 17:16:20 CHISNEY kernel: Key type asymmetric registered
Jan 16 17:16:20 CHISNEY kernel: Asymmetric key parser 'x509' registered
Jan 16 17:16:20 CHISNEY kernel: Block layer SCSI generic (bsg) driver version 0.4 loaded (major 245)
Jan 16 17:16:20 CHISNEY kernel: io scheduler mq-deadline registered
Jan 16 17:16:20 CHISNEY kernel: io scheduler kyber registered
Jan 16 17:16:20 CHISNEY kernel: hv_vmbus: registering driver hv_pci
Jan 16 17:16:20 CHISNEY kernel: hv_pci 5a109997-c0f8-4d13-8ea8-f8dd742f428a: PCI VMBus probing: Using version 0x10003
Jan 16 17:16:20 CHISNEY kernel: hv_pci 5a109997-c0f8-4d13-8ea8-f8dd742f428a: PCI host bridge to bus c0f8:00
Jan 16 17:16:20 CHISNEY kernel: pci_bus c0f8:00: root bus resource [mem 0x9ffe00000-0x9ffe02fff window]
Jan 16 17:16:20 CHISNEY kernel: pci_bus c0f8:00: No busn resource found for root bus, will use [bus 00-ff]
Jan 16 17:16:20 CHISNEY kernel: pci c0f8:00:00.0: [1af4:1043] type 00 class 0x010000
Jan 16 17:16:20 CHISNEY kernel: pci c0f8:00:00.0: reg 0x10: [mem 0x9ffe00000-0x9ffe00fff 64bit]
Jan 16 17:16:20 CHISNEY kernel: pci c0f8:00:00.0: reg 0x18: [mem 0x9ffe01000-0x9ffe01fff 64bit]
Jan 16 17:16:20 CHISNEY kernel: pci c0f8:00:00.0: reg 0x20: [mem 0x9ffe02000-0x9ffe02fff 64bit]
Jan 16 17:16:20 CHISNEY kernel: pci_bus c0f8:00: busn_res: [bus 00-ff] end is updated to 00
Jan 16 17:16:20 CHISNEY kernel: pci c0f8:00:00.0: BAR 0: assigned [mem 0x9ffe00000-0x9ffe00fff 64bit]
Jan 16 17:16:20 CHISNEY kernel: pci c0f8:00:00.0: BAR 2: assigned [mem 0x9ffe01000-0x9ffe01fff 64bit]
Jan 16 17:16:20 CHISNEY kernel: pci c0f8:00:00.0: BAR 4: assigned [mem 0x9ffe02000-0x9ffe02fff 64bit]
Jan 16 17:16:20 CHISNEY kernel: ioatdma: Intel(R) QuickData Technology Driver 5.00
Jan 16 17:16:20 CHISNEY kernel: virtio-pci c0f8:00:00.0: enabling device (0000 -> 0002)
Jan 16 17:16:20 CHISNEY kernel: Serial: 8250/16550 driver, 8 ports, IRQ sharing enabled
Jan 16 17:16:20 CHISNEY kernel: Linux agpgart interface v0.103
Jan 16 17:16:20 CHISNEY kernel: AMD-Vi: AMD IOMMUv2 functionality not available on this system - This is not a bug.
Jan 16 17:16:20 CHISNEY kernel: ACPI: bus type drm_connector registered
Jan 16 17:16:20 CHISNEY kernel: printk: console [hvc0] enabled
Jan 16 17:16:20 CHISNEY kernel: brd: module loaded
Jan 16 17:16:20 CHISNEY kernel: loop: module loaded
Jan 16 17:16:20 CHISNEY kernel: Loading iSCSI transport class v2.0-870.
Jan 16 17:16:20 CHISNEY kernel: rdac: device handler registered
Jan 16 17:16:20 CHISNEY kernel: Microchip SmartPQI Driver (v2.1.24-046)
Jan 16 17:16:20 CHISNEY kernel: VMware PVSCSI driver - version 1.0.7.0-k
Jan 16 17:16:20 CHISNEY kernel: hv_vmbus: registering driver hv_storvsc
Jan 16 17:16:20 CHISNEY kernel: PPP generic driver version 2.4.2
Jan 16 17:16:20 CHISNEY kernel: VMware vmxnet3 virtual NIC driver - version 1.7.0.0-k-NAPI
Jan 16 17:16:20 CHISNEY kernel: scsi host0: storvsc_host_t
Jan 16 17:16:20 CHISNEY kernel: hv_vmbus: registering driver hv_netvsc
Jan 16 17:16:20 CHISNEY kernel: Fusion MPT base driver 3.04.20
Jan 16 17:16:20 CHISNEY kernel: Copyright (c) 1999-2008 LSI Corporation
Jan 16 17:16:20 CHISNEY kernel: Fusion MPT SPI Host driver 3.04.20
Jan 16 17:16:20 CHISNEY kernel: Fusion MPT SAS Host driver 3.04.20
Jan 16 17:16:20 CHISNEY kernel: Fusion MPT misc device (ioctl) driver 3.04.20
Jan 16 17:16:20 CHISNEY kernel: mptctl: Registered with Fusion MPT base driver
Jan 16 17:16:20 CHISNEY kernel: mptctl: /dev/mptctl @ (major,minor=10,220)
Jan 16 17:16:20 CHISNEY kernel: i8042: PNP: No PS/2 controller found.
Jan 16 17:16:20 CHISNEY kernel: hv_vmbus: registering driver hyperv_keyboard
Jan 16 17:16:20 CHISNEY kernel: rtc_cmos 00:00: RTC can wake from S4
Jan 16 17:16:20 CHISNEY kernel: rtc_cmos 00:00: registered as rtc0
Jan 16 17:16:20 CHISNEY kernel: rtc_cmos 00:00: setting system clock to 2026-01-16T16:15:52 UTC (1768580152)
Jan 16 17:16:20 CHISNEY kernel: rtc_cmos 00:00: alarms up to one month, 114 bytes nvram
Jan 16 17:16:20 CHISNEY kernel: device-mapper: core: CONFIG_IMA_DISABLE_HTABLE is disabled. Duplicate IMA measurements will not be recorded in the IMA log.
Jan 16 17:16:20 CHISNEY kernel: device-mapper: uevent: version 1.0.3
Jan 16 17:16:20 CHISNEY kernel: device-mapper: ioctl: 4.48.0-ioctl (2023-03-01) initialised: dm-devel@redhat.com
Jan 16 17:16:20 CHISNEY kernel: intel_pstate: CPU model not supported
Jan 16 17:16:20 CHISNEY kernel: hv_utils: Registering HyperV Utility Driver
Jan 16 17:16:20 CHISNEY kernel: hv_vmbus: registering driver hv_utils
Jan 16 17:16:20 CHISNEY kernel: hv_vmbus: registering driver hv_balloon
Jan 16 17:16:20 CHISNEY kernel: hv_vmbus: registering driver dxgkrnl
Jan 16 17:16:20 CHISNEY kernel: hv_utils: TimeSync IC version 4.0
Jan 16 17:16:20 CHISNEY kernel: drop_monitor: Initializing network drop monitor service
Jan 16 17:16:20 CHISNEY kernel: hv_balloon: Using Dynamic Memory protocol version 2.0
Jan 16 17:16:20 CHISNEY kernel: Free page reporting enabled
Jan 16 17:16:20 CHISNEY kernel: hv_balloon: Cold memory discard hint enabled with order 9
Jan 16 17:16:20 CHISNEY kernel: NET: Registered PF_INET6 protocol family
Jan 16 17:16:20 CHISNEY kernel: Segment Routing with IPv6
Jan 16 17:16:20 CHISNEY kernel: In-situ OAM (IOAM) with IPv6
Jan 16 17:16:20 CHISNEY kernel: NET: Registered PF_PACKET protocol family
Jan 16 17:16:20 CHISNEY kernel: 9pnet: Installing 9P2000 support
Jan 16 17:16:20 CHISNEY kernel: NET: Registered PF_VSOCK protocol family
Jan 16 17:16:20 CHISNEY kernel: hv_vmbus: registering driver hv_sock
Jan 16 17:16:20 CHISNEY kernel: IPI shorthand broadcast: enabled
Jan 16 17:16:20 CHISNEY kernel: AVX2 version of gcm_enc/dec engaged.
Jan 16 17:16:20 CHISNEY kernel: AES CTR mode by8 optimization enabled
Jan 16 17:16:20 CHISNEY kernel: sched_clock: Marking stable (844716300, 4681300)->(947064600, -97667000)
Jan 16 17:16:20 CHISNEY kernel: registered taskstats version 1
Jan 16 17:16:20 CHISNEY kernel: Loading compiled-in X.509 certificates
Jan 16 17:16:20 CHISNEY kernel: ima: No TPM chip found, activating TPM-bypass!
Jan 16 17:16:20 CHISNEY kernel: ima: Allocated hash algorithm: sha256
Jan 16 17:16:20 CHISNEY kernel: ima: No architecture policies found
Jan 16 17:16:20 CHISNEY kernel: RAS: Correctable Errors collector initialized.
Jan 16 17:16:20 CHISNEY kernel: clk: Disabling unused clocks
Jan 16 17:16:20 CHISNEY kernel: Freeing unused decrypted memory: 2028K
Jan 16 17:16:20 CHISNEY kernel: Freeing unused kernel image (initmem) memory: 4492K
Jan 16 17:16:20 CHISNEY kernel: Write protecting the kernel read-only data: 34816k
Jan 16 17:16:20 CHISNEY kernel: Freeing unused kernel image (rodata/data gap) memory: 840K
Jan 16 17:16:20 CHISNEY kernel: Run /init as init process
Jan 16 17:16:20 CHISNEY kernel:   with arguments:
Jan 16 17:16:20 CHISNEY kernel:     /init
Jan 16 17:16:20 CHISNEY kernel:   with environment:
Jan 16 17:16:20 CHISNEY kernel:     HOME=/
Jan 16 17:16:20 CHISNEY kernel:     TERM=linux
Jan 16 17:16:20 CHISNEY kernel:     WSL_ROOT_INIT=1
Jan 16 17:16:20 CHISNEY kernel:     WSL_ENABLE_CRASH_DUMP=1
Jan 16 17:16:20 CHISNEY kernel: scsi 0:0:0:0: Direct-Access     Msft     Virtual Disk     1.0  PQ: 0 ANSI: 5
Jan 16 17:16:20 CHISNEY kernel: scsi 0:0:0:1: Direct-Access     Msft     Virtual Disk     1.0  PQ: 0 ANSI: 5
Jan 16 17:16:20 CHISNEY kernel: scsi 0:0:0:2: Direct-Access     Msft     Virtual Disk     1.0  PQ: 0 ANSI: 5
Jan 16 17:16:20 CHISNEY kernel: sd 0:0:0:0: Attached scsi generic sg0 type 0
Jan 16 17:16:20 CHISNEY kernel: sd 0:0:0:1: Attached scsi generic sg1 type 0
Jan 16 17:16:20 CHISNEY kernel: sd 0:0:0:0: [sda] 795880 512-byte logical blocks: (407 MB/389 MiB)
Jan 16 17:16:20 CHISNEY kernel: sd 0:0:0:1: [sdb] 381016 512-byte logical blocks: (195 MB/186 MiB)
Jan 16 17:16:20 CHISNEY kernel: sd 0:0:0:0: [sda] Write Protect is on
Jan 16 17:16:20 CHISNEY kernel: sd 0:0:0:1: [sdb] Write Protect is on
Jan 16 17:16:20 CHISNEY kernel: sd 0:0:0:0: [sda] Mode Sense: 0f 00 80 00
Jan 16 17:16:20 CHISNEY kernel: sd 0:0:0:2: Attached scsi generic sg2 type 0
Jan 16 17:16:20 CHISNEY kernel: sd 0:0:0:0: [sda] Write cache: disabled, read cache: enabled, doesn't support DPO or FUA
Jan 16 17:16:20 CHISNEY kernel: sd 0:0:0:1: [sdb] Mode Sense: 0f 00 80 00
Jan 16 17:16:20 CHISNEY kernel: sd 0:0:0:2: [sdc] 2097160 512-byte logical blocks: (1.07 GB/1.00 GiB)
Jan 16 17:16:20 CHISNEY kernel: sd 0:0:0:2: [sdc] 4096-byte physical blocks
Jan 16 17:16:20 CHISNEY kernel: sd 0:0:0:2: [sdc] Write Protect is off
Jan 16 17:16:20 CHISNEY kernel: sd 0:0:0:1: [sdb] Write cache: disabled, read cache: enabled, doesn't support DPO or FUA
Jan 16 17:16:20 CHISNEY kernel: sd 0:0:0:2: [sdc] Mode Sense: 0f 00 00 00
Jan 16 17:16:20 CHISNEY kernel: sd 0:0:0:2: [sdc] Write cache: enabled, read cache: enabled, doesn't support DPO or FUA
Jan 16 17:16:20 CHISNEY kernel: sd 0:0:0:0: [sda] Attached SCSI disk
Jan 16 17:16:20 CHISNEY kernel: sd 0:0:0:2: [sdc] Attached SCSI disk
Jan 16 17:16:20 CHISNEY kernel: sd 0:0:0:1: [sdb] Attached SCSI disk
Jan 16 17:16:20 CHISNEY kernel: EXT4-fs (sda): mounted filesystem 00000000-0000-0000-0000-000000000000 ro without journal. Quota mode: none.
Jan 16 17:16:20 CHISNEY kernel: EXT4-fs (sdb): mounted filesystem 00000000-0000-0000-0000-000000000000 ro without journal. Quota mode: none.
Jan 16 17:16:20 CHISNEY kernel: tun: Universal TUN/TAP device driver, 1.6
Jan 16 17:16:20 CHISNEY kernel: hv_balloon: Cold memory discard hypercall failed with status 1d00000005
Jan 16 17:16:20 CHISNEY kernel: hv_balloon: Underlying Hyper-V does not support order less than 9. Hypercall failed
Jan 16 17:16:20 CHISNEY kernel: hv_balloon: Defaulting to page_reporting_order 9
Jan 16 17:16:20 CHISNEY kernel: bridge: filtering via arp/ip/ip6tables is no longer available by default. Update your scripts to load br_netfilter if you need this.
Jan 16 17:16:20 CHISNEY kernel: Bridge firewalling registered
Jan 16 17:16:20 CHISNEY kernel: Adding 1048576k swap on /dev/sdc.  Priority:-2 extents:1 across:1048576k 
Jan 16 17:16:20 CHISNEY kernel: hv_pci 8598fdda-7ac6-4bf5-b820-a6ac1185cc24: PCI VMBus probing: Using version 0x10003
Jan 16 17:16:20 CHISNEY kernel: hv_pci 8598fdda-7ac6-4bf5-b820-a6ac1185cc24: PCI host bridge to bus 7ac6:00
Jan 16 17:16:20 CHISNEY kernel: pci_bus 7ac6:00: root bus resource [mem 0xa00000000-0xc00001fff window]
Jan 16 17:16:20 CHISNEY kernel: pci_bus 7ac6:00: No busn resource found for root bus, will use [bus 00-ff]
Jan 16 17:16:20 CHISNEY kernel: pci 7ac6:00:00.0: [1af4:105a] type 00 class 0x088000
Jan 16 17:16:20 CHISNEY kernel: pci 7ac6:00:00.0: reg 0x10: [mem 0xc00000000-0xc00000fff 64bit]
Jan 16 17:16:20 CHISNEY kernel: pci 7ac6:00:00.0: reg 0x18: [mem 0xc00001000-0xc00001fff 64bit]
Jan 16 17:16:20 CHISNEY kernel: pci 7ac6:00:00.0: reg 0x20: [mem 0xa00000000-0xbffffffff 64bit]
Jan 16 17:16:20 CHISNEY kernel: pci_bus 7ac6:00: busn_res: [bus 00-ff] end is updated to 00
Jan 16 17:16:20 CHISNEY kernel: pci 7ac6:00:00.0: BAR 4: assigned [mem 0xa00000000-0xbffffffff 64bit]
Jan 16 17:16:20 CHISNEY kernel: pci 7ac6:00:00.0: BAR 0: assigned [mem 0xc00000000-0xc00000fff 64bit]
Jan 16 17:16:20 CHISNEY kernel: pci 7ac6:00:00.0: BAR 2: assigned [mem 0xc00001000-0xc00001fff 64bit]
Jan 16 17:16:20 CHISNEY kernel: virtio-pci 7ac6:00:00.0: enabling device (0000 -> 0002)
Jan 16 17:16:20 CHISNEY kernel: virtiofs virtio1: Cache len: 0x200000000 @ 0xa00000000
Jan 16 17:16:20 CHISNEY kernel: scsi 0:0:0:3: Direct-Access     Msft     Virtual Disk     1.0  PQ: 0 ANSI: 5
Jan 16 17:16:20 CHISNEY kernel: sd 0:0:0:3: Attached scsi generic sg3 type 0
Jan 16 17:16:20 CHISNEY kernel: sd 0:0:0:3: [sdd] 294608 512-byte logical blocks: (151 MB/144 MiB)
Jan 16 17:16:20 CHISNEY kernel: sd 0:0:0:3: [sdd] Write Protect is off
Jan 16 17:16:20 CHISNEY kernel: sd 0:0:0:3: [sdd] Mode Sense: 0f 00 00 00
Jan 16 17:16:20 CHISNEY kernel: sd 0:0:0:3: [sdd] Write cache: enabled, read cache: enabled, doesn't support DPO or FUA
Jan 16 17:16:20 CHISNEY kernel: sd 0:0:0:3: [sdd] Attached SCSI disk
Jan 16 17:16:20 CHISNEY kernel: EXT4-fs (sdd): mounted filesystem 5b228c48-7df8-4753-942f-6bfcfb308ca9 r/w with ordered data mode. Quota mode: none.
Jan 16 17:16:20 CHISNEY kernel: EXT4-fs (sdd): unmounting filesystem 5b228c48-7df8-4753-942f-6bfcfb308ca9.
Jan 16 17:16:20 CHISNEY unknown: WSL (175) ERROR: CheckConnection: getaddrinfo() failed: -5
Jan 16 17:16:20 CHISNEY kernel: scsi 0:0:0:4: Direct-Access     Msft     Virtual Disk     1.0  PQ: 0 ANSI: 5
Jan 16 17:16:20 CHISNEY kernel: sd 0:0:0:4: Attached scsi generic sg4 type 0
Jan 16 17:16:20 CHISNEY kernel: sd 0:0:0:4: [sde] 2147483648 512-byte logical blocks: (1.10 TB/1.00 TiB)
Jan 16 17:16:20 CHISNEY kernel: sd 0:0:0:4: [sde] 4096-byte physical blocks
Jan 16 17:16:20 CHISNEY kernel: sd 0:0:0:4: [sde] Write Protect is off
Jan 16 17:16:20 CHISNEY kernel: sd 0:0:0:4: [sde] Mode Sense: 0f 00 00 00
Jan 16 17:16:20 CHISNEY kernel: sd 0:0:0:4: [sde] Write cache: enabled, read cache: enabled, doesn't support DPO or FUA
Jan 16 17:16:20 CHISNEY kernel: sd 0:0:0:4: [sde] Attached SCSI disk
Jan 16 17:16:20 CHISNEY kernel: EXT4-fs (sdd): mounted filesystem 5b228c48-7df8-4753-942f-6bfcfb308ca9 r/w with ordered data mode. Quota mode: none.
Jan 16 17:16:20 CHISNEY unknown: WSL (1 - init(docker-desktop)) ERROR: ConfigApplyWindowsLibPath:2092: open /etc/ld.so.conf.d/ld.wsl.conf failed 2
Jan 16 17:16:20 CHISNEY unknown: WSL (1 - init(docker-desktop)) WARNING: /usr/share/zoneinfo/Europe/Budapest not found. Is the tzdata package installed?
Jan 16 17:16:20 CHISNEY kernel: EXT4-fs (sde): mounted filesystem 76695db6-8475-4363-bbcb-08a6bbf9fc12 r/w with ordered data mode. Quota mode: none.
Jan 16 17:16:20 CHISNEY kernel: loop0: detected capacity change from 0 to 1505496
Jan 16 17:16:20 CHISNEY kernel: ISO 9660 Extensions: Microsoft Joliet Level 3
Jan 16 17:16:20 CHISNEY kernel: ISO 9660 Extensions: RRIP_1991A
Jan 16 17:16:20 CHISNEY kernel: loop1: detected capacity change from 0 to 1424920
Jan 16 17:16:20 CHISNEY kernel: ISO 9660 Extensions: RRIP_1991A
Jan 16 17:16:20 CHISNEY kernel: weston[207]: memfd_create() called without MFD_EXEC or MFD_NOEXEC_SEAL set
Jan 16 17:16:20 CHISNEY kernel: netlink: 'initd': attribute type 4 has an invalid length.
Jan 16 17:16:20 CHISNEY kernel: virtiofs: Unknown parameter 'negative_dentry_timeout'
Jan 16 17:16:20 CHISNEY kernel: RPC: Registered named UNIX socket transport module.
Jan 16 17:16:20 CHISNEY kernel: RPC: Registered udp transport module.
Jan 16 17:16:20 CHISNEY kernel: RPC: Registered tcp transport module.
Jan 16 17:16:20 CHISNEY kernel: RPC: Registered tcp-with-tls transport module.
Jan 16 17:16:20 CHISNEY kernel: RPC: Registered tcp NFSv4.1 backchannel transport module.
Jan 16 17:16:20 CHISNEY kernel: scsi 0:0:0:5: Direct-Access     Msft     Virtual Disk     1.0  PQ: 0 ANSI: 5
Jan 16 17:16:20 CHISNEY kernel: sd 0:0:0:5: Attached scsi generic sg5 type 0
Jan 16 17:16:20 CHISNEY kernel: sd 0:0:0:5: [sdf] 2147483648 512-byte logical blocks: (1.10 TB/1.00 TiB)
Jan 16 17:16:20 CHISNEY kernel: sd 0:0:0:5: [sdf] 4096-byte physical blocks
Jan 16 17:16:20 CHISNEY kernel: sd 0:0:0:5: [sdf] Write Protect is off
Jan 16 17:16:20 CHISNEY kernel: sd 0:0:0:5: [sdf] Mode Sense: 0f 00 00 00
Jan 16 17:16:20 CHISNEY kernel: sd 0:0:0:5: [sdf] Write cache: enabled, read cache: enabled, doesn't support DPO or FUA
Jan 16 17:16:20 CHISNEY kernel: sd 0:0:0:5: [sdf] Attached SCSI disk
Jan 16 17:16:20 CHISNEY kernel: EXT4-fs (sdf): mounted filesystem c667a7cb-ba50-4a9a-b865-f5002489d891 r/w with ordered data mode. Quota mode: none.
Jan 16 17:16:20 CHISNEY unknown: Failed to connect to bus: No such file or directory
Jan 16 17:16:20 CHISNEY unknown: Failed to connect to bus: No such file or directory
Jan 16 17:16:20 CHISNEY unknown: Failed to connect to bus: No such file or directory
Jan 16 17:16:20 CHISNEY unknown: Failed to connect to bus: No such file or directory
Jan 16 17:16:20 CHISNEY unknown: Failed to connect to bus: No such file or directory
Jan 16 17:16:20 CHISNEY unknown: Failed to connect to bus: No such file or directory
Jan 16 17:16:20 CHISNEY unknown: Failed to connect to bus: No such file or directory
Jan 16 17:16:20 CHISNEY systemd-journald[70]: Collecting audit messages is disabled.
Jan 16 17:16:20 CHISNEY systemd-journald[70]: Journal started
Jan 16 17:16:20 CHISNEY systemd-journald[70]: Runtime Journal (/run/log/journal/3df124757ec048d185f7a09f74b05789) is 8.0M, max 95.2M, 87.2M free.
Jan 16 17:16:20 CHISNEY systemd-sysctl[92]: Couldn't write '1' to 'kernel/apparmor_restrict_unprivileged_userns', ignoring: No such file or directory
Jan 16 17:16:20 CHISNEY systemd[1]: Starting systemd-journal-flush.service - Flush Journal to Persistent Storage...
Jan 16 17:16:20 CHISNEY systemd[1]: Finished systemd-tmpfiles-setup-dev-early.service - Create Static Device Nodes in /dev gracefully.
Jan 16 17:16:20 CHISNEY systemd[1]: Finished keyboard-setup.service - Set the console keyboard layout.
Jan 16 17:16:20 CHISNEY systemd[1]: systemd-sysusers.service - Create System Users was skipped because no trigger condition checks were met.
Jan 16 17:16:20 CHISNEY systemd-journald[70]: Time spent on flushing to /var/log/journal/3df124757ec048d185f7a09f74b05789 is 32.448ms for 467 entries.
Jan 16 17:16:20 CHISNEY systemd-journald[70]: System Journal (/var/log/journal/3df124757ec048d185f7a09f74b05789) is 416.8M, max 4.0G, 3.5G free.
Jan 16 17:16:20 CHISNEY systemd-journald[70]: Received client request to flush runtime journal.
Jan 16 17:16:20 CHISNEY systemd-journald[70]: File /var/log/journal/3df124757ec048d185f7a09f74b05789/system.journal corrupted or uncleanly shut down, renaming and replacing.
Jan 16 17:16:20 CHISNEY systemd[1]: Starting systemd-tmpfiles-setup-dev.service - Create Static Device Nodes in /dev...
Jan 16 17:16:20 CHISNEY systemd[1]: Finished systemd-tmpfiles-setup-dev.service - Create Static Device Nodes in /dev.
Jan 16 17:16:20 CHISNEY systemd[1]: Reached target local-fs-pre.target - Preparation for Local File Systems.
Jan 16 17:16:20 CHISNEY systemd[1]: Reached target local-fs.target - Local File Systems.
Jan 16 17:16:20 CHISNEY systemd[1]: Listening on systemd-sysext.socket - System Extension Image Management (Varlink).
Jan 16 17:16:20 CHISNEY systemd[1]: apparmor.service - Load AppArmor profiles was skipped because of an unmet condition check (ConditionSecurity=apparmor).
Jan 16 17:16:21 CHISNEY sh[130]: /bin/sh: 1: cannot create /proc/sys/fs/binfmt_misc/WSLInterop: Permission denied
Jan 16 17:16:20 CHISNEY systemd[1]: Starting console-setup.service - Set console font and keymap...
Jan 16 17:16:20 CHISNEY systemd[1]: ldconfig.service - Rebuild Dynamic Linker Cache was skipped because no trigger condition checks were met.
Jan 16 17:16:20 CHISNEY systemd[1]: snapd.apparmor.service - Load AppArmor profiles managed internally by snapd was skipped because of an unmet condition check (ConditionSecurity=apparmor).
Jan 16 17:16:20 CHISNEY systemd[1]: Starting systemd-binfmt.service - Set Up Additional Binary Formats...
Jan 16 17:16:20 CHISNEY systemd[1]: Starting systemd-udevd.service - Rule-based Manager for Device Events and Files...
Jan 16 17:16:20 CHISNEY systemd[1]: Finished console-setup.service - Set console font and keymap.
Jan 16 17:16:20 CHISNEY systemd[1]: Finished systemd-binfmt.service - Set Up Additional Binary Formats.
Jan 16 17:16:20 CHISNEY systemd-udevd[125]: Using default interface naming scheme 'v255'.
Jan 16 17:16:20 CHISNEY systemd[1]: Finished systemd-udev-trigger.service - Coldplug All udev Devices.
Jan 16 17:16:20 CHISNEY systemd[1]: Started systemd-udevd.service - Rule-based Manager for Device Events and Files.
Jan 16 17:16:21 CHISNEY systemd[1]: Finished systemd-journal-flush.service - Flush Journal to Persistent Storage.
Jan 16 17:16:21 CHISNEY systemd[1]: Starting systemd-tmpfiles-setup.service - Create Volatile Files and Directories...
Jan 16 17:16:21 CHISNEY systemd[1]: Finished systemd-tmpfiles-setup.service - Create Volatile Files and Directories.
Jan 16 17:16:21 CHISNEY systemd[1]: systemd-firstboot.service - First Boot Wizard was skipped because of an unmet condition check (ConditionFirstBoot=yes).
Jan 16 17:16:21 CHISNEY systemd[1]: first-boot-complete.target - First Boot Complete was skipped because of an unmet condition check (ConditionFirstBoot=yes).
Jan 16 17:16:21 CHISNEY systemd[1]: systemd-journal-catalog-update.service - Rebuild Journal Catalog was skipped because of an unmet condition check (ConditionNeedsUpdate=/var).
Jan 16 17:16:21 CHISNEY systemd[1]: systemd-machine-id-commit.service - Commit a transient machine-id on disk was skipped because of an unmet condition check (ConditionPathIsMountPoint=/etc/machine-id).
Jan 16 17:16:21 CHISNEY systemd[1]: Starting systemd-resolved.service - Network Name Resolution...
Jan 16 17:16:21 CHISNEY systemd[1]: Starting systemd-timesyncd.service - Network Time Synchronization...
Jan 16 17:16:21 CHISNEY systemd[1]: systemd-update-done.service - Update is Completed was skipped because no trigger condition checks were met.
Jan 16 17:16:21 CHISNEY systemd[1]: Starting systemd-update-utmp.service - Record System Boot/Shutdown in UTMP...
Jan 16 17:16:21 CHISNEY systemd[1]: wslg.service - WSLg Remount Service was skipped because of an unmet condition check (ConditionPathExists=!/tmp/.X11-unix/X0).
Jan 16 17:16:21 CHISNEY systemd[1]: Finished systemd-update-utmp.service - Record System Boot/Shutdown in UTMP.
Jan 16 17:16:21 CHISNEY systemd-resolved[161]: Positive Trust Anchors:
Jan 16 17:16:21 CHISNEY systemd-resolved[161]: . IN DS 20326 8 2 e06d44b80b8f1d39a95c0b0d7c65d08458e880409bbc683457104237c7f8ec8d
Jan 16 17:16:21 CHISNEY systemd-resolved[161]: Negative trust anchors: home.arpa 10.in-addr.arpa 16.172.in-addr.arpa 17.172.in-addr.arpa 18.172.in-addr.arpa 19.172.in-addr.arpa 20.172.in-addr.arpa 21.172.in-addr.arpa 22.172.in-addr.arpa 23.172.in-addr.arpa 24.172.in-addr.arpa 25.172.in-addr.arpa 26.172.in-addr.arpa 27.172.in-addr.arpa 28.172.in-addr.arpa 29.172.in-addr.arpa 30.172.in-addr.arpa 31.172.in-addr.arpa 170.0.0.192.in-addr.arpa 171.0.0.192.in-addr.arpa 168.192.in-addr.arpa d.f.ip6.arpa ipv4only.arpa corp home internal intranet lan local private test
Jan 16 17:16:21 CHISNEY kernel: ACPI: AC: AC Adapter [AC1] (on-line)
Jan 16 17:16:21 CHISNEY kernel: ACPI: battery: Slot [BAT1] (battery present)
Jan 16 17:16:21 CHISNEY systemd[1]: Started systemd-timesyncd.service - Network Time Synchronization.
Jan 16 17:16:21 CHISNEY systemd[1]: Reached target time-set.target - System Time Set.
Jan 16 17:16:22 CHISNEY systemd-timesyncd[162]: Contacted time server 91.189.91.157:123 (ntp.ubuntu.com).
Jan 16 17:16:22 CHISNEY systemd-timesyncd[162]: Initial clock synchronization to Fri 2026-01-16 17:16:22.926537 CET.
Jan 16 17:16:23 CHISNEY systemd-resolved[161]: Using system hostname 'CHISNEY'.
Jan 16 17:16:23 CHISNEY systemd[1]: Started systemd-resolved.service - Network Name Resolution.
Jan 16 17:16:23 CHISNEY systemd[1]: Reached target nss-lookup.target - Host and Network Name Lookups.
Jan 16 17:16:23 CHISNEY systemd[1]: Reached target sysinit.target - System Initialization.
Jan 16 17:16:23 CHISNEY systemd[1]: apport-autoreport.path - Process error reports when automatic reporting is enabled (file watch) was skipped because of an unmet condition check (ConditionPathExists=/var/lib/apport/autoreport).
Jan 16 17:16:23 CHISNEY systemd[1]: apport-autoreport.timer - Process error reports when automatic reporting is enabled (timer based) was skipped because of an unmet condition check (ConditionPathExists=/var/lib/apport/autoreport).
Jan 16 17:16:23 CHISNEY systemd[1]: Started apt-daily.timer - Daily apt download activities.
Jan 16 17:16:23 CHISNEY systemd[1]: Started apt-daily-upgrade.timer - Daily apt upgrade and clean activities.
Jan 16 17:16:23 CHISNEY systemd[1]: Started dpkg-db-backup.timer - Daily dpkg database backup timer.
Jan 16 17:16:23 CHISNEY systemd[1]: Started e2scrub_all.timer - Periodic ext4 Online Metadata Check for All Filesystems.
Jan 16 17:16:23 CHISNEY systemd[1]: fstrim.timer - Discard unused filesystem blocks once a week was skipped because of an unmet condition check (ConditionVirtualization=!container).
Jan 16 17:16:23 CHISNEY systemd[1]: Started logrotate.timer - Daily rotation of log files.
Jan 16 17:16:23 CHISNEY systemd[1]: Started man-db.timer - Daily man-db regeneration.
Jan 16 17:16:23 CHISNEY systemd[1]: Started motd-news.timer - Message of the Day.
Jan 16 17:16:23 CHISNEY systemd[1]: snapd.snap-repair.timer - Timer to automatically fetch and run repair assertions was skipped because no trigger condition checks were met.
Jan 16 17:16:23 CHISNEY systemd[1]: Started systemd-tmpfiles-clean.timer - Daily Cleanup of Temporary Directories.
Jan 16 17:16:23 CHISNEY systemd[1]: ua-timer.timer - Ubuntu Pro Timer for running repeated jobs was skipped because of an unmet condition check (ConditionPathExists=/var/lib/ubuntu-advantage/private/machine-token.json).
Jan 16 17:16:23 CHISNEY systemd[1]: Reached target paths.target - Path Units.
Jan 16 17:16:23 CHISNEY systemd[1]: Reached target timers.target - Timer Units.
Jan 16 17:16:23 CHISNEY systemd[1]: Listening on apport-forward.socket - Unix socket for apport crash forwarding.
Jan 16 17:16:23 CHISNEY systemd[1]: Listening on dbus.socket - D-Bus System Message Bus Socket.
Jan 16 17:16:23 CHISNEY systemd[1]: Starting docker.socket - Docker Socket for the API...
Jan 16 17:16:23 CHISNEY systemd[1]: Starting snapd.socket - Socket activation for snappy daemon...
Jan 16 17:16:23 CHISNEY systemd[1]: Listening on uuidd.socket - UUID daemon activation socket.
Jan 16 17:16:23 CHISNEY systemd[1]: systemd-pcrphase-sysinit.service - TPM2 PCR Barrier (Initialization) was skipped because of an unmet condition check (ConditionSecurity=measured-uki).
Jan 16 17:16:23 CHISNEY systemd[1]: Listening on docker.socket - Docker Socket for the API.
Jan 16 17:16:23 CHISNEY systemd[1]: Listening on snapd.socket - Socket activation for snappy daemon.
Jan 16 17:16:23 CHISNEY systemd[1]: Reached target sockets.target - Socket Units.
Jan 16 17:16:23 CHISNEY systemd[1]: Reached target basic.target - Basic System.
Jan 16 17:16:23 CHISNEY systemd[1]: apport.service - automatic crash report generation was skipped because of an unmet condition check (ConditionVirtualization=!container).
Jan 16 17:16:23 CHISNEY systemd[1]: Started cron.service - Regular background program processing daemon.
Jan 16 17:16:23 CHISNEY systemd[1]: Starting dbus.service - D-Bus System Message Bus...
Jan 16 17:16:23 CHISNEY systemd[1]: Started dmesg.service - Save initial kernel messages after boot.
Jan 16 17:16:23 CHISNEY (cron)[191]: cron.service: Referenced but unset environment variable evaluates to an empty string: EXTRA_OPTS
Jan 16 17:16:23 CHISNEY systemd[1]: Starting e2scrub_reap.service - Remove Stale Online ext4 Metadata Check Snapshots...
Jan 16 17:16:23 CHISNEY systemd[1]: getty-static.service - getty on tty2-tty6 if dbus and logind are not available was skipped because of an unmet condition check (ConditionPathExists=!/usr/bin/dbus-daemon).
Jan 16 17:16:23 CHISNEY systemd[1]: Starting landscape-client.service - Landscape client daemons...
Jan 16 17:16:23 CHISNEY systemd[1]: networkd-dispatcher.service - Dispatcher daemon for systemd-networkd was skipped because no trigger condition checks were met.
Jan 16 17:16:23 CHISNEY cron[191]: (CRON) INFO (pidfile fd = 3)
Jan 16 17:16:23 CHISNEY systemd[1]: Starting nginx.service - A high performance web server and a reverse proxy server...
Jan 16 17:16:23 CHISNEY cron[191]: (CRON) INFO (Running @reboot jobs)
Jan 16 17:16:23 CHISNEY systemd[1]: Starting rsyslog.service - System Logging Service...
Jan 16 17:16:23 CHISNEY systemd[1]: snapd.core-fixup.service - Automatically repair incorrect owner/permissions on core devices was skipped because no trigger condition checks were met.
Jan 16 17:16:23 CHISNEY systemd[1]: snapd.recovery-chooser-trigger.service - Wait for the Ubuntu Core chooser trigger was skipped because of an unmet condition check (ConditionPathExistsGlob=/dev/input/event*).
Jan 16 17:16:23 CHISNEY systemd[1]: Reached target getty-pre.target - Preparation for Logins.
Jan 16 17:16:23 CHISNEY systemd[1]: Starting snapd.seeded.service - Wait until snapd is fully seeded...
Jan 16 17:16:23 CHISNEY systemd[1]: Starting snapd.service - Snap Daemon...
Jan 16 17:16:23 CHISNEY systemd[1]: Starting systemd-logind.service - User Login Management...
Jan 16 17:16:23 CHISNEY systemd[1]: systemd-pcrphase.service - TPM2 PCR Barrier (User) was skipped because of an unmet condition check (ConditionSecurity=measured-uki).
Jan 16 17:16:23 CHISNEY systemd[1]: Starting systemd-user-sessions.service - Permit User Sessions...
Jan 16 17:16:23 CHISNEY systemd[1]: ua-reboot-cmds.service - Ubuntu Pro reboot cmds was skipped because of an unmet condition check (ConditionPathExists=/var/lib/ubuntu-advantage/private/machine-token.json).
Jan 16 17:16:23 CHISNEY systemd[1]: ubuntu-advantage.service - Ubuntu Pro Background Auto Attach was skipped because no trigger condition checks were met.
Jan 16 17:16:23 CHISNEY systemd[1]: Starting wsl-pro.service - Bridge to Ubuntu Pro agent on Windows...
Jan 16 17:16:23 CHISNEY kernel: Initializing XFRM netlink socket
Jan 16 17:16:23 CHISNEY systemd[1]: Started dbus.service - D-Bus System Message Bus.
Jan 16 17:16:23 CHISNEY systemd[1]: Finished systemd-user-sessions.service - Permit User Sessions.
Jan 16 17:16:23 CHISNEY systemd[1]: Started console-getty.service - Console Getty.
Jan 16 17:16:23 CHISNEY systemd[1]: Starting containerd.service - containerd container runtime...
Jan 16 17:16:23 CHISNEY systemd[1]: Starting setvtrgb.service - Set console scheme...
Jan 16 17:16:23 CHISNEY systemd[1]: Started nginx.service - A high performance web server and a reverse proxy server.
Jan 16 17:16:23 CHISNEY systemd[1]: Started gatekeeper-sentry.service - Gatekeeper Log Monitor Sentry.
Jan 16 17:16:24 CHISNEY systemd[1]: Finished setvtrgb.service - Set console scheme.
Jan 16 17:16:24 CHISNEY systemd[1]: Created slice system-getty.slice - Slice /system/getty.
Jan 16 17:16:24 CHISNEY systemd[1]: Started getty@tty1.service - Getty on tty1.
Jan 16 17:16:24 CHISNEY systemd[1]: Reached target getty.target - Login Prompts.
Jan 16 17:16:24 CHISNEY systemd[1]: e2scrub_reap.service: Deactivated successfully.
Jan 16 17:16:24 CHISNEY systemd[1]: Finished e2scrub_reap.service - Remove Stale Online ext4 Metadata Check Snapshots.
Jan 16 17:16:24 CHISNEY systemd-logind[203]: New seat seat0.
Jan 16 17:16:24 CHISNEY systemd[1]: Started systemd-logind.service - User Login Management.
Jan 16 17:16:24 CHISNEY systemd[1]: Started unattended-upgrades.service - Unattended Upgrades Shutdown.
Jan 16 17:16:25 CHISNEY systemd[1]: Started rsyslog.service - System Logging Service.
Jan 16 17:16:25 CHISNEY rsyslogd[237]: imuxsock: Acquired UNIX socket '/run/systemd/journal/syslog' (fd 3) from systemd.  [v8.2312.0]
Jan 16 17:16:25 CHISNEY rsyslogd[237]: rsyslogd's groupid changed to 102
Jan 16 17:16:25 CHISNEY rsyslogd[237]: rsyslogd's userid changed to 102
Jan 16 17:16:25 CHISNEY rsyslogd[237]: [origin software="rsyslogd" swVersion="8.2312.0" x-pid="237" x-info="https://www.rsyslog.com"] start
Jan 16 17:16:25 CHISNEY wsl-pro-service[205]: INFO Starting WSL Pro Service version 0.1.18-1-g3c35f427-dirty
Jan 16 17:16:25 CHISNEY systemd[1]: Started wsl-pro.service - Bridge to Ubuntu Pro agent on Windows.
Jan 16 17:16:27 CHISNEY snapd[202]: overlord.go:288: Acquiring state lock file
Jan 16 17:16:27 CHISNEY snapd[202]: overlord.go:293: Acquired state lock file
Jan 16 17:16:28 CHISNEY snapd[202]: daemon.go:276: started snapd/2.72+ubuntu24.04 (series 16; classic; devmode; wsl) ubuntu/24.04 (amd64) linux/6.6.87.2-microsoft-standa.
Jan 16 17:16:28 CHISNEY systemd[1]: tmp-syscheck\x2dmountpoint\x2d407655232.mount: Deactivated successfully.
Jan 16 17:16:28 CHISNEY snapd[202]: daemon.go:370: adjusting startup timeout by 30s (pessimistic estimate of 30s plus 5s per snap)
Jan 16 17:16:28 CHISNEY snapd[202]: backends.go:70: AppArmor status: apparmor not enabled
Jan 16 17:16:28 CHISNEY unknown: WSL (2 - init-systemd(Ubuntu)) ERROR: WaitForBootProcess:3432: /sbin/init failed to start within 10000ms
Jan 16 17:16:29 CHISNEY agetty[207]: /dev/console: cannot set process group: Inappropriate ioctl for device
Jan 16 17:16:29 CHISNEY login[333]: PAM unable to dlopen(pam_lastlog.so): /usr/lib/security/pam_lastlog.so: cannot open shared object file: No such file or directory
Jan 16 17:16:29 CHISNEY login[333]: PAM adding faulty module: pam_lastlog.so
Jan 16 17:16:29 CHISNEY systemd[1]: Started snapd.service - Snap Daemon.
Jan 16 17:16:29 CHISNEY containerd[214]: time="2026-01-16T17:16:29.941694893+01:00" level=info msg="starting containerd" revision=dea7da592f5d1d2b7755e3a161be07f43fad8f75 version=v2.2.1
Jan 16 17:16:29 CHISNEY dbus-daemon[192]: [system] Activating via systemd: service name='org.freedesktop.timedate1' unit='dbus-org.freedesktop.timedate1.service' requested by ':1.5' (uid=0 pid=202 comm="/usr/lib/snapd/snapd" label="kernel")
Jan 16 17:16:30 CHISNEY systemd[1]: Starting systemd-timedated.service - Time & Date Service...
Jan 16 17:16:30 CHISNEY containerd[214]: time="2026-01-16T17:16:30.463999359+01:00" level=info msg="loading plugin" id=io.containerd.content.v1.content type=io.containerd.content.v1
Jan 16 17:16:30 CHISNEY containerd[214]: time="2026-01-16T17:16:30.493252284+01:00" level=info msg="loading plugin" id=io.containerd.image-verifier.v1.bindir type=io.containerd.image-verifier.v1
Jan 16 17:16:30 CHISNEY containerd[214]: time="2026-01-16T17:16:30.497443484+01:00" level=info msg="loading plugin" id=io.containerd.internal.v1.opt type=io.containerd.internal.v1
Jan 16 17:16:30 CHISNEY containerd[214]: time="2026-01-16T17:16:30.515840543+01:00" level=info msg="loading plugin" id=io.containerd.warning.v1.deprecations type=io.containerd.warning.v1
Jan 16 17:16:30 CHISNEY containerd[214]: time="2026-01-16T17:16:30.515903051+01:00" level=info msg="loading plugin" id=io.containerd.mount-handler.v1.erofs type=io.containerd.mount-handler.v1
Jan 16 17:16:30 CHISNEY containerd[214]: time="2026-01-16T17:16:30.515921793+01:00" level=info msg="loading plugin" id=io.containerd.snapshotter.v1.blockfile type=io.containerd.snapshotter.v1
Jan 16 17:16:30 CHISNEY containerd[214]: time="2026-01-16T17:16:30.522877659+01:00" level=info msg="skip loading plugin" error="no scratch file generator: skip plugin" id=io.containerd.snapshotter.v1.blockfile type=io.containerd.snapshotter.v1
Jan 16 17:16:30 CHISNEY containerd[214]: time="2026-01-16T17:16:30.523002134+01:00" level=info msg="loading plugin" id=io.containerd.snapshotter.v1.btrfs type=io.containerd.snapshotter.v1
Jan 16 17:16:30 CHISNEY containerd[214]: time="2026-01-16T17:16:30.524160001+01:00" level=info msg="skip loading plugin" error="path /var/lib/containerd/io.containerd.snapshotter.v1.btrfs (ext4) must be a btrfs filesystem to be used with the btrfs snapshotter: skip plugin" id=io.containerd.snapshotter.v1.btrfs type=io.containerd.snapshotter.v1
Jan 16 17:16:30 CHISNEY containerd[214]: time="2026-01-16T17:16:30.524218501+01:00" level=info msg="loading plugin" id=io.containerd.snapshotter.v1.devmapper type=io.containerd.snapshotter.v1
Jan 16 17:16:30 CHISNEY containerd[214]: time="2026-01-16T17:16:30.524301701+01:00" level=info msg="skip loading plugin" error="devmapper not configured: skip plugin" id=io.containerd.snapshotter.v1.devmapper type=io.containerd.snapshotter.v1
Jan 16 17:16:30 CHISNEY containerd[214]: time="2026-01-16T17:16:30.524324884+01:00" level=info msg="loading plugin" id=io.containerd.snapshotter.v1.erofs type=io.containerd.snapshotter.v1
Jan 16 17:16:30 CHISNEY containerd[214]: time="2026-01-16T17:16:30.551061984+01:00" level=info msg="skip loading plugin" error="EROFS unsupported, please `modprobe erofs`: skip plugin" id=io.containerd.snapshotter.v1.erofs type=io.containerd.snapshotter.v1
Jan 16 17:16:30 CHISNEY containerd[214]: time="2026-01-16T17:16:30.551137276+01:00" level=info msg="loading plugin" id=io.containerd.snapshotter.v1.native type=io.containerd.snapshotter.v1
Jan 16 17:16:30 CHISNEY containerd[214]: time="2026-01-16T17:16:30.556016934+01:00" level=info msg="loading plugin" id=io.containerd.snapshotter.v1.overlayfs type=io.containerd.snapshotter.v1
Jan 16 17:16:30 CHISNEY containerd[214]: time="2026-01-16T17:16:30.571764918+01:00" level=info msg="loading plugin" id=io.containerd.snapshotter.v1.zfs type=io.containerd.snapshotter.v1
Jan 16 17:16:30 CHISNEY containerd[214]: time="2026-01-16T17:16:30.571954609+01:00" level=info msg="skip loading plugin" error="lstat /var/lib/containerd/io.containerd.snapshotter.v1.zfs: no such file or directory: skip plugin" id=io.containerd.snapshotter.v1.zfs type=io.containerd.snapshotter.v1
Jan 16 17:16:30 CHISNEY containerd[214]: time="2026-01-16T17:16:30.571992093+01:00" level=info msg="loading plugin" id=io.containerd.event.v1.exchange type=io.containerd.event.v1
Jan 16 17:16:30 CHISNEY containerd[214]: time="2026-01-16T17:16:30.578288859+01:00" level=info msg="loading plugin" id=io.containerd.monitor.task.v1.cgroups type=io.containerd.monitor.task.v1
Jan 16 17:16:30 CHISNEY containerd[214]: time="2026-01-16T17:16:30.579258226+01:00" level=info msg="loading plugin" id=io.containerd.metadata.v1.bolt type=io.containerd.metadata.v1
Jan 16 17:16:30 CHISNEY containerd[214]: time="2026-01-16T17:16:30.579509234+01:00" level=info msg="metadata content store policy set" policy=shared
Jan 16 17:16:30 CHISNEY containerd[214]: time="2026-01-16T17:16:30.680642518+01:00" level=info msg="loading plugin" id=io.containerd.gc.v1.scheduler type=io.containerd.gc.v1
Jan 16 17:16:30 CHISNEY containerd[214]: time="2026-01-16T17:16:30.680733626+01:00" level=info msg="loading plugin" id=io.containerd.nri.v1.nri type=io.containerd.nri.v1
Jan 16 17:16:30 CHISNEY containerd[214]: time="2026-01-16T17:16:30.680774576+01:00" level=info msg="built-in NRI default validator is disabled"
Jan 16 17:16:30 CHISNEY containerd[214]: time="2026-01-16T17:16:30.680785301+01:00" level=info msg="runtime interface created"
Jan 16 17:16:30 CHISNEY containerd[214]: time="2026-01-16T17:16:30.680793101+01:00" level=info msg="created NRI interface"
Jan 16 17:16:30 CHISNEY containerd[214]: time="2026-01-16T17:16:30.680804151+01:00" level=info msg="loading plugin" id=io.containerd.differ.v1.erofs type=io.containerd.differ.v1
Jan 16 17:16:30 CHISNEY containerd[214]: time="2026-01-16T17:16:30.682010443+01:00" level=info msg="skip loading plugin" error="failed to check mkfs.erofs availability: failed to run mkfs.erofs --help: exec: \"mkfs.erofs\": executable file not found in $PATH: skip plugin" id=io.containerd.differ.v1.erofs type=io.containerd.differ.v1
Jan 16 17:16:30 CHISNEY containerd[214]: time="2026-01-16T17:16:30.682274776+01:00" level=info msg="loading plugin" id=io.containerd.differ.v1.walking type=io.containerd.differ.v1
Jan 16 17:16:30 CHISNEY containerd[214]: time="2026-01-16T17:16:30.682437168+01:00" level=info msg="loading plugin" id=io.containerd.lease.v1.manager type=io.containerd.lease.v1
Jan 16 17:16:30 CHISNEY containerd[214]: time="2026-01-16T17:16:30.682482776+01:00" level=info msg="loading plugin" id=io.containerd.mount-manager.v1.bolt type=io.containerd.mount-manager.v1
Jan 16 17:16:30 CHISNEY containerd[214]: time="2026-01-16T17:16:30.686100676+01:00" level=info msg="loading plugin" id=io.containerd.service.v1.containers-service type=io.containerd.service.v1
Jan 16 17:16:30 CHISNEY containerd[214]: time="2026-01-16T17:16:30.686179326+01:00" level=info msg="loading plugin" id=io.containerd.service.v1.content-service type=io.containerd.service.v1
Jan 16 17:16:30 CHISNEY containerd[214]: time="2026-01-16T17:16:30.686202293+01:00" level=info msg="loading plugin" id=io.containerd.service.v1.diff-service type=io.containerd.service.v1
Jan 16 17:16:30 CHISNEY containerd[214]: time="2026-01-16T17:16:30.686557626+01:00" level=info msg="loading plugin" id=io.containerd.service.v1.images-service type=io.containerd.service.v1
Jan 16 17:16:30 CHISNEY containerd[214]: time="2026-01-16T17:16:30.700047509+01:00" level=info msg="loading plugin" id=io.containerd.service.v1.introspection-service type=io.containerd.service.v1
Jan 16 17:16:30 CHISNEY containerd[214]: time="2026-01-16T17:16:30.700171659+01:00" level=info msg="loading plugin" id=io.containerd.service.v1.namespaces-service type=io.containerd.service.v1
Jan 16 17:16:30 CHISNEY containerd[214]: time="2026-01-16T17:16:30.700201776+01:00" level=info msg="loading plugin" id=io.containerd.service.v1.snapshots-service type=io.containerd.service.v1
Jan 16 17:16:30 CHISNEY containerd[214]: time="2026-01-16T17:16:30.700222359+01:00" level=info msg="loading plugin" id=io.containerd.shim.v1.manager type=io.containerd.shim.v1
Jan 16 17:16:30 CHISNEY containerd[214]: time="2026-01-16T17:16:30.700281401+01:00" level=info msg="loading plugin" id=io.containerd.runtime.v2.task type=io.containerd.runtime.v2
Jan 16 17:16:30 CHISNEY containerd[214]: time="2026-01-16T17:16:30.700945376+01:00" level=info msg="loading plugin" id=io.containerd.service.v1.tasks-service type=io.containerd.service.v1
Jan 16 17:16:30 CHISNEY containerd[214]: time="2026-01-16T17:16:30.700999759+01:00" level=info msg="loading plugin" id=io.containerd.grpc.v1.containers type=io.containerd.grpc.v1
Jan 16 17:16:30 CHISNEY containerd[214]: time="2026-01-16T17:16:30.701042334+01:00" level=info msg="loading plugin" id=io.containerd.grpc.v1.content type=io.containerd.grpc.v1
Jan 16 17:16:30 CHISNEY containerd[214]: time="2026-01-16T17:16:30.701091193+01:00" level=info msg="loading plugin" id=io.containerd.grpc.v1.diff type=io.containerd.grpc.v1
Jan 16 17:16:30 CHISNEY containerd[214]: time="2026-01-16T17:16:30.701116326+01:00" level=info msg="loading plugin" id=io.containerd.grpc.v1.events type=io.containerd.grpc.v1
Jan 16 17:16:30 CHISNEY containerd[214]: time="2026-01-16T17:16:30.701137993+01:00" level=info msg="loading plugin" id=io.containerd.grpc.v1.images type=io.containerd.grpc.v1
Jan 16 17:16:30 CHISNEY containerd[214]: time="2026-01-16T17:16:30.701161393+01:00" level=info msg="loading plugin" id=io.containerd.grpc.v1.introspection type=io.containerd.grpc.v1
Jan 16 17:16:30 CHISNEY containerd[214]: time="2026-01-16T17:16:30.701185984+01:00" level=info msg="loading plugin" id=io.containerd.grpc.v1.leases type=io.containerd.grpc.v1
Jan 16 17:16:30 CHISNEY containerd[214]: time="2026-01-16T17:16:30.701210468+01:00" level=info msg="loading plugin" id=io.containerd.grpc.v1.mounts type=io.containerd.grpc.v1
Jan 16 17:16:30 CHISNEY containerd[214]: time="2026-01-16T17:16:30.701232134+01:00" level=info msg="loading plugin" id=io.containerd.grpc.v1.namespaces type=io.containerd.grpc.v1
Jan 16 17:16:30 CHISNEY containerd[214]: time="2026-01-16T17:16:30.701259976+01:00" level=info msg="loading plugin" id=io.containerd.sandbox.store.v1.local type=io.containerd.sandbox.store.v1
Jan 16 17:16:30 CHISNEY containerd[214]: time="2026-01-16T17:16:30.701281534+01:00" level=info msg="loading plugin" id=io.containerd.transfer.v1.local type=io.containerd.transfer.v1
Jan 16 17:16:30 CHISNEY containerd[214]: time="2026-01-16T17:16:30.704545293+01:00" level=info msg="loading plugin" id=io.containerd.cri.v1.images type=io.containerd.cri.v1
Jan 16 17:16:30 CHISNEY containerd[214]: time="2026-01-16T17:16:30.704693926+01:00" level=info msg="Get image filesystem path \"/var/lib/containerd/io.containerd.snapshotter.v1.overlayfs\" for snapshotter \"overlayfs\""
Jan 16 17:16:30 CHISNEY containerd[214]: time="2026-01-16T17:16:30.704714076+01:00" level=info msg="Start snapshots syncer"
Jan 16 17:16:30 CHISNEY containerd[214]: time="2026-01-16T17:16:30.710043318+01:00" level=info msg="loading plugin" id=io.containerd.cri.v1.runtime type=io.containerd.cri.v1
Jan 16 17:16:30 CHISNEY containerd[214]: time="2026-01-16T17:16:30.710397243+01:00" level=info msg="starting cri plugin" config="{\"containerd\":{\"defaultRuntimeName\":\"runc\",\"runtimes\":{\"runc\":{\"runtimeType\":\"io.containerd.runc.v2\",\"runtimePath\":\"\",\"PodAnnotations\":null,\"ContainerAnnotations\":null,\"options\":{\"BinaryName\":\"\",\"CriuImagePath\":\"\",\"CriuWorkPath\":\"\",\"IoGid\":0,\"IoUid\":0,\"NoNewKeyring\":false,\"Root\":\"\",\"ShimCgroup\":\"\",\"SystemdCgroup\":false},\"privileged_without_host_devices\":false,\"privileged_without_host_devices_all_devices_allowed\":false,\"cgroupWritable\":false,\"baseRuntimeSpec\":\"\",\"cniConfDir\":\"\",\"cniMaxConfNum\":0,\"snapshotter\":\"\",\"sandboxer\":\"podsandbox\",\"io_type\":\"\"}},\"ignoreBlockIONotEnabledErrors\":false,\"ignoreRdtNotEnabledErrors\":false},\"cni\":{\"binDir\":\"\",\"binDirs\":[\"/opt/cni/bin\"],\"confDir\":\"/etc/cni/net.d\",\"maxConfNum\":1,\"setupSerially\":false,\"confTemplate\":\"\",\"ipPref\":\"\",\"useInternalLoopback\":false},\"enableSelinux\":false,\"selinuxCategoryRange\":1024,\"maxContainerLogLineSize\":16384,\"disableApparmor\":false,\"restrictOOMScoreAdj\":false,\"disableProcMount\":false,\"unsetSeccompProfile\":\"\",\"tolerateMissingHugetlbController\":true,\"disableHugetlbController\":true,\"device_ownership_from_security_context\":false,\"ignoreImageDefinedVolumes\":false,\"netnsMountsUnderStateDir\":false,\"enableUnprivilegedPorts\":true,\"enableUnprivilegedICMP\":true,\"enableCDI\":true,\"cdiSpecDirs\":[\"/etc/cdi\",\"/var/run/cdi\"],\"drainExecSyncIOTimeout\":\"0s\",\"ignoreDeprecationWarnings\":null,\"containerdRootDir\":\"/var/lib/containerd\",\"containerdEndpoint\":\"/run/containerd/containerd.sock\",\"rootDir\":\"/var/lib/containerd/io.containerd.grpc.v1.cri\",\"stateDir\":\"/run/containerd/io.containerd.grpc.v1.cri\"}"
Jan 16 17:16:30 CHISNEY containerd[214]: time="2026-01-16T17:16:30.710465168+01:00" level=info msg="loading plugin" id=io.containerd.podsandbox.controller.v1.podsandbox type=io.containerd.podsandbox.controller.v1
Jan 16 17:16:30 CHISNEY containerd[214]: time="2026-01-16T17:16:30.710533309+01:00" level=info msg="loading plugin" id=io.containerd.sandbox.controller.v1.shim type=io.containerd.sandbox.controller.v1
Jan 16 17:16:30 CHISNEY containerd[214]: time="2026-01-16T17:16:30.710686059+01:00" level=info msg="loading plugin" id=io.containerd.grpc.v1.sandbox-controllers type=io.containerd.grpc.v1
Jan 16 17:16:30 CHISNEY containerd[214]: time="2026-01-16T17:16:30.710714226+01:00" level=info msg="loading plugin" id=io.containerd.grpc.v1.sandboxes type=io.containerd.grpc.v1
Jan 16 17:16:30 CHISNEY containerd[214]: time="2026-01-16T17:16:30.710730476+01:00" level=info msg="loading plugin" id=io.containerd.grpc.v1.snapshots type=io.containerd.grpc.v1
Jan 16 17:16:30 CHISNEY containerd[214]: time="2026-01-16T17:16:30.710744884+01:00" level=info msg="loading plugin" id=io.containerd.streaming.v1.manager type=io.containerd.streaming.v1
Jan 16 17:16:30 CHISNEY containerd[214]: time="2026-01-16T17:16:30.710759943+01:00" level=info msg="loading plugin" id=io.containerd.grpc.v1.streaming type=io.containerd.grpc.v1
Jan 16 17:16:30 CHISNEY containerd[214]: time="2026-01-16T17:16:30.710781068+01:00" level=info msg="loading plugin" id=io.containerd.grpc.v1.tasks type=io.containerd.grpc.v1
Jan 16 17:16:30 CHISNEY containerd[214]: time="2026-01-16T17:16:30.710804468+01:00" level=info msg="loading plugin" id=io.containerd.grpc.v1.transfer type=io.containerd.grpc.v1
Jan 16 17:16:30 CHISNEY containerd[214]: time="2026-01-16T17:16:30.710819959+01:00" level=info msg="loading plugin" id=io.containerd.grpc.v1.version type=io.containerd.grpc.v1
Jan 16 17:16:30 CHISNEY containerd[214]: time="2026-01-16T17:16:30.710908359+01:00" level=info msg="loading plugin" id=io.containerd.monitor.container.v1.restart type=io.containerd.monitor.container.v1
Jan 16 17:16:30 CHISNEY containerd[214]: time="2026-01-16T17:16:30.710999468+01:00" level=info msg="loading plugin" id=io.containerd.tracing.processor.v1.otlp type=io.containerd.tracing.processor.v1
Jan 16 17:16:30 CHISNEY containerd[214]: time="2026-01-16T17:16:30.711029584+01:00" level=info msg="skip loading plugin" error="skip plugin: tracing endpoint not configured" id=io.containerd.tracing.processor.v1.otlp type=io.containerd.tracing.processor.v1
Jan 16 17:16:30 CHISNEY containerd[214]: time="2026-01-16T17:16:30.711042801+01:00" level=info msg="loading plugin" id=io.containerd.internal.v1.tracing type=io.containerd.internal.v1
Jan 16 17:16:30 CHISNEY containerd[214]: time="2026-01-16T17:16:30.711056884+01:00" level=info msg="skip loading plugin" error="skip plugin: tracing endpoint not configured" id=io.containerd.internal.v1.tracing type=io.containerd.internal.v1
Jan 16 17:16:30 CHISNEY containerd[214]: time="2026-01-16T17:16:30.711067609+01:00" level=info msg="loading plugin" id=io.containerd.ttrpc.v1.otelttrpc type=io.containerd.ttrpc.v1
Jan 16 17:16:30 CHISNEY containerd[214]: time="2026-01-16T17:16:30.711082776+01:00" level=info msg="loading plugin" id=io.containerd.grpc.v1.healthcheck type=io.containerd.grpc.v1
Jan 16 17:16:30 CHISNEY containerd[214]: time="2026-01-16T17:16:30.726999326+01:00" level=info msg=serving... address=/run/containerd/containerd.sock.ttrpc
Jan 16 17:16:30 CHISNEY containerd[214]: time="2026-01-16T17:16:30.727131384+01:00" level=info msg=serving... address=/run/containerd/containerd.sock
Jan 16 17:16:30 CHISNEY containerd[214]: time="2026-01-16T17:16:30.728145168+01:00" level=info msg="containerd successfully booted in 0.960414s"
Jan 16 17:16:30 CHISNEY systemd[1]: Started containerd.service - containerd container runtime.
Jan 16 17:16:30 CHISNEY systemd[1]: Starting docker.service - Docker Application Container Engine...
Jan 16 17:16:30 CHISNEY login[333]: pam_unix(login:session): session opened for user devcontainers(uid=1001) by devcontainers(uid=0)
Jan 16 17:16:30 CHISNEY systemd[1]: Created slice user-1001.slice - User Slice of UID 1001.
Jan 16 17:16:30 CHISNEY systemd[1]: Starting user-runtime-dir@1001.service - User Runtime Directory /run/user/1001...
Jan 16 17:16:30 CHISNEY dbus-daemon[192]: [system] Successfully activated service 'org.freedesktop.timedate1'
Jan 16 17:16:30 CHISNEY systemd-logind[203]: New session 3 of user devcontainers.
Jan 16 17:16:30 CHISNEY systemd[1]: Started systemd-timedated.service - Time & Date Service.
Jan 16 17:16:30 CHISNEY systemd[1]: Finished user-runtime-dir@1001.service - User Runtime Directory /run/user/1001.
Jan 16 17:16:31 CHISNEY systemd[1]: Starting user@1001.service - User Manager for UID 1001...
Jan 16 17:16:31 CHISNEY systemd[1]: Finished snapd.seeded.service - Wait until snapd is fully seeded.
Jan 16 17:16:31 CHISNEY systemd[1]: snapd.autoimport.service - Auto import assertions from block devices was skipped because no trigger condition checks were met.
Jan 16 17:16:31 CHISNEY (systemd)[414]: pam_unix(systemd-user:session): session opened for user devcontainers(uid=1001) by devcontainers(uid=0)
Jan 16 17:16:31 CHISNEY systemd[414]: Queued start job for default target default.target.
Jan 16 17:16:32 CHISNEY systemd-journald[70]: File /var/log/journal/3df124757ec048d185f7a09f74b05789/user-1001.journal corrupted or uncleanly shut down, renaming and replacing.
Jan 16 17:16:31 CHISNEY systemd[414]: Created slice app.slice - User Application Slice.
Jan 16 17:16:31 CHISNEY systemd[414]: Started launchpadlib-cache-clean.timer - Clean up old files in the Launchpadlib cache.
Jan 16 17:16:31 CHISNEY systemd[414]: Reached target paths.target - Paths.
Jan 16 17:16:31 CHISNEY systemd[414]: Reached target timers.target - Timers.
Jan 16 17:16:31 CHISNEY systemd[414]: Starting dbus.socket - D-Bus User Message Bus Socket...
Jan 16 17:16:31 CHISNEY systemd[414]: Listening on dirmngr.socket - GnuPG network certificate management daemon.
Jan 16 17:16:31 CHISNEY systemd[414]: Listening on gpg-agent-browser.socket - GnuPG cryptographic agent and passphrase cache (access for web browsers).
Jan 16 17:16:31 CHISNEY systemd[414]: Listening on gpg-agent-extra.socket - GnuPG cryptographic agent and passphrase cache (restricted).
Jan 16 17:16:31 CHISNEY systemd[414]: Starting gpg-agent-ssh.socket - GnuPG cryptographic agent (ssh-agent emulation)...
Jan 16 17:16:31 CHISNEY systemd[414]: Listening on gpg-agent.socket - GnuPG cryptographic agent and passphrase cache.
Jan 16 17:16:31 CHISNEY systemd[414]: Listening on keyboxd.socket - GnuPG public key management service.
Jan 16 17:16:31 CHISNEY systemd[414]: Listening on pk-debconf-helper.socket - debconf communication socket.
Jan 16 17:16:31 CHISNEY systemd[414]: Listening on snapd.session-agent.socket - REST API socket for snapd user session agent.
Jan 16 17:16:31 CHISNEY systemd[414]: Starting wslg-session.service - WSLg user service...
Jan 16 17:16:32 CHISNEY systemd[414]: Listening on dbus.socket - D-Bus User Message Bus Socket.
Jan 16 17:16:32 CHISNEY systemd[414]: Listening on gpg-agent-ssh.socket - GnuPG cryptographic agent (ssh-agent emulation).
Jan 16 17:16:32 CHISNEY systemd[414]: Reached target sockets.target - Sockets.
Jan 16 17:16:32 CHISNEY systemd[414]: Reached target basic.target - Basic System.
Jan 16 17:16:32 CHISNEY systemd[414]: Reached target default.target - Main User Target.
Jan 16 17:16:32 CHISNEY systemd[1]: Started user@1001.service - User Manager for UID 1001.
Jan 16 17:16:32 CHISNEY systemd[1]: Started session-3.scope - Session 3 of User devcontainers.
Jan 16 17:16:32 CHISNEY systemd[414]: Finished wslg-session.service - WSLg user service.
Jan 16 17:16:32 CHISNEY systemd[414]: Startup finished in 1.608s.
Jan 16 17:16:33 CHISNEY login[480]: PAM unable to dlopen(pam_lastlog.so): /usr/lib/security/pam_lastlog.so: cannot open shared object file: No such file or directory
Jan 16 17:16:33 CHISNEY login[480]: PAM adding faulty module: pam_lastlog.so
Jan 16 17:16:33 CHISNEY login[480]: pam_unix(login:session): session opened for user root(uid=0) by root(uid=0)
Jan 16 17:16:34 CHISNEY systemd[1]: Created slice user-0.slice - User Slice of UID 0.
Jan 16 17:16:34 CHISNEY systemd[1]: Starting user-runtime-dir@0.service - User Runtime Directory /run/user/0...
Jan 16 17:16:34 CHISNEY systemd-logind[203]: New session 5 of user root.
Jan 16 17:16:34 CHISNEY systemd[1]: Finished user-runtime-dir@0.service - User Runtime Directory /run/user/0.
Jan 16 17:16:34 CHISNEY systemd[1]: Starting user@0.service - User Manager for UID 0...
Jan 16 17:16:34 CHISNEY (systemd)[523]: pam_unix(systemd-user:session): session opened for user root(uid=0) by root(uid=0)
Jan 16 17:16:34 CHISNEY snapd[202]: daemon.go:556: gracefully waiting for running hooks
Jan 16 17:16:34 CHISNEY snapd[202]: daemon.go:558: done waiting for running hooks
Jan 16 17:16:35 CHISNEY systemd[523]: Queued start job for default target default.target.
Jan 16 17:16:35 CHISNEY systemd[523]: Created slice app.slice - User Application Slice.
Jan 16 17:16:35 CHISNEY systemd[523]: Started launchpadlib-cache-clean.timer - Clean up old files in the Launchpadlib cache.
Jan 16 17:16:35 CHISNEY systemd[523]: Reached target paths.target - Paths.
Jan 16 17:16:35 CHISNEY systemd[523]: Reached target timers.target - Timers.
Jan 16 17:16:35 CHISNEY systemd[523]: Starting dbus.socket - D-Bus User Message Bus Socket...
Jan 16 17:16:35 CHISNEY systemd[523]: Listening on dirmngr.socket - GnuPG network certificate management daemon.
Jan 16 17:16:35 CHISNEY systemd[523]: Listening on gpg-agent-browser.socket - GnuPG cryptographic agent and passphrase cache (access for web browsers).
Jan 16 17:16:35 CHISNEY systemd[523]: Listening on gpg-agent-extra.socket - GnuPG cryptographic agent and passphrase cache (restricted).
Jan 16 17:16:35 CHISNEY systemd[523]: Starting gpg-agent-ssh.socket - GnuPG cryptographic agent (ssh-agent emulation)...
Jan 16 17:16:35 CHISNEY systemd[523]: Listening on gpg-agent.socket - GnuPG cryptographic agent and passphrase cache.
Jan 16 17:16:35 CHISNEY systemd[523]: Listening on keyboxd.socket - GnuPG public key management service.
Jan 16 17:16:35 CHISNEY systemd[523]: Listening on pk-debconf-helper.socket - debconf communication socket.
Jan 16 17:16:35 CHISNEY systemd[523]: Listening on snapd.session-agent.socket - REST API socket for snapd user session agent.
Jan 16 17:16:35 CHISNEY systemd[523]: Starting wslg-session.service - WSLg user service...
Jan 16 17:16:35 CHISNEY dockerd[406]: time="2026-01-16T17:16:35.467450626+01:00" level=info msg="Starting up"
Jan 16 17:16:35 CHISNEY dockerd[406]: time="2026-01-16T17:16:35.485355851+01:00" level=info msg="OTEL tracing is not configured, using no-op tracer provider"
Jan 16 17:16:35 CHISNEY dockerd[406]: time="2026-01-16T17:16:35.486277009+01:00" level=info msg="CDI directory does not exist, skipping: failed to monitor for changes: no such file or directory" dir=/var/run/cdi
Jan 16 17:16:35 CHISNEY dockerd[406]: time="2026-01-16T17:16:35.486323051+01:00" level=info msg="CDI directory does not exist, skipping: failed to monitor for changes: no such file or directory" dir=/etc/cdi
Jan 16 17:16:35 CHISNEY systemd[523]: Listening on dbus.socket - D-Bus User Message Bus Socket.
Jan 16 17:16:35 CHISNEY systemd[523]: Listening on gpg-agent-ssh.socket - GnuPG cryptographic agent (ssh-agent emulation).
Jan 16 17:16:35 CHISNEY systemd[523]: Reached target sockets.target - Sockets.
Jan 16 17:16:35 CHISNEY systemd[523]: Reached target basic.target - Basic System.
Jan 16 17:16:35 CHISNEY systemd[523]: Reached target default.target - Main User Target.
Jan 16 17:16:35 CHISNEY systemd[1]: Started user@0.service - User Manager for UID 0.
Jan 16 17:16:35 CHISNEY systemd[1]: Started session-5.scope - Session 5 of User root.
Jan 16 17:16:35 CHISNEY login[571]: ROOT LOGIN  on '/dev/pts/3'
Jan 16 17:16:35 CHISNEY wsl-pro-service[205]: WARNING Daemon: could not connect to Windows Agent: could not get address: could not read agent port file "/mnt/c/Users/Hp/.ubuntupro/.address": open /mnt/c/Users/Hp/.ubuntupro/.address: no such file or directory
Jan 16 17:16:36 CHISNEY systemd[523]: Finished wslg-session.service - WSLg user service.
Jan 16 17:16:36 CHISNEY systemd[523]: Startup finished in 1.419s.
Jan 16 17:16:36 CHISNEY dockerd[406]: time="2026-01-16T17:16:36.573880951+01:00" level=info msg="Creating a containerd client" address=/run/containerd/containerd.sock timeout=1m0s
Jan 16 17:16:37 CHISNEY wsl-pro-service[205]: WARNING Daemon: could not connect to Windows Agent: could not get address: could not read agent port file "/mnt/c/Users/Hp/.ubuntupro/.address": open /mnt/c/Users/Hp/.ubuntupro/.address: no such file or directory
Jan 16 17:16:37 CHISNEY dockerd[406]: time="2026-01-16T17:16:37.219680651+01:00" level=info msg="Loading containers: start."
Jan 16 17:16:37 CHISNEY dockerd[406]: time="2026-01-16T17:16:37.574188368+01:00" level=info msg="[graphdriver] using prior storage driver: overlay2"
Jan 16 17:16:37 CHISNEY systemd[1]: var-lib-docker-overlay2-metacopy\x2dcheck3068331074-merged.mount: Deactivated successfully.
Jan 16 17:16:37 CHISNEY dockerd[406]: time="2026-01-16T17:16:37.836167793+01:00" level=info msg="Restoring containers: start."
Jan 16 17:16:37 CHISNEY landscape-config[195]: Registered:    False
Jan 16 17:16:37 CHISNEY landscape-config[195]: Config Path:   /etc/landscape/client.conf
Jan 16 17:16:37 CHISNEY landscape-config[195]: Data Path      /var/lib/landscape/client
Jan 16 17:16:37 CHISNEY addgroup[575]: The group `docker' already exists.
Jan 16 17:16:38 CHISNEY snapd[202]: overlord.go:532: Released state lock file
Jan 16 17:16:38 CHISNEY snapd[202]: daemon stop requested to wait for socket activation
Jan 16 17:16:38 CHISNEY systemd[1]: snapd.service: Deactivated successfully.
Jan 16 17:16:38 CHISNEY addgroup[667]: addgroup with two arguments is an unspecified operation.
Jan 16 17:16:38 CHISNEY dockerd[406]: time="2026-01-16T17:16:38.319195324+01:00" level=info msg="Deleting nftables IPv4 rules" error="exit status 1"
Jan 16 17:16:38 CHISNEY dockerd[406]: time="2026-01-16T17:16:38.347406197+01:00" level=info msg="Deleting nftables IPv6 rules" error="exit status 1"
Jan 16 17:16:38 CHISNEY systemd[1]: landscape-client.service: Skipped due to 'exec-condition'.
Jan 16 17:16:38 CHISNEY systemd[1]: Condition check resulted in landscape-client.service - Landscape client daemons being skipped.
Jan 16 17:16:38 CHISNEY systemd[1]: landscape-client.service: Consumed 2.485s CPU time.
Jan 16 17:16:38 CHISNEY systemd[1]: dmesg.service: Deactivated successfully.
Jan 16 17:16:39 CHISNEY wsl-pro-service[205]: WARNING Daemon: could not connect to Windows Agent: could not get address: could not read agent port file "/mnt/c/Users/Hp/.ubuntupro/.address": open /mnt/c/Users/Hp/.ubuntupro/.address: no such file or directory
Jan 16 17:16:39 CHISNEY dockerd[406]: time="2026-01-16T17:16:39.909595209+01:00" level=warning msg="error locating sandbox id 599aee844088168b3ef184d9fc7415e331898dd345bba44039d66368cafbce43: sandbox 599aee844088168b3ef184d9fc7415e331898dd345bba44039d66368cafbce43 not found"
Jan 16 17:16:39 CHISNEY dockerd[406]: time="2026-01-16T17:16:39.910042180+01:00" level=info msg="Loading containers: done."
Jan 16 17:16:39 CHISNEY systemd[1]: var-lib-docker-overlay2-opaque\x2dbug\x2dcheck1896349493-merged.mount: Deactivated successfully.
Jan 16 17:16:40 CHISNEY dockerd[406]: time="2026-01-16T17:16:40.006461153+01:00" level=info msg="Docker daemon" commit=fbf3ed2 containerd-snapshotter=false storage-driver=overlay2 version=29.1.3
Jan 16 17:16:40 CHISNEY dockerd[406]: time="2026-01-16T17:16:40.008183308+01:00" level=info msg="Initializing buildkit"
Jan 16 17:16:40 CHISNEY dockerd[406]: time="2026-01-16T17:16:40.303668782+01:00" level=info msg="Completed buildkit initialization"
Jan 16 17:16:40 CHISNEY dockerd[406]: time="2026-01-16T17:16:40.326958587+01:00" level=info msg="Daemon has completed initialization"
Jan 16 17:16:40 CHISNEY dockerd[406]: time="2026-01-16T17:16:40.327102075+01:00" level=info msg="API listen on /run/docker.sock"
Jan 16 17:16:40 CHISNEY systemd[1]: Started docker.service - Docker Application Container Engine.
Jan 16 17:16:40 CHISNEY systemd[1]: Reached target multi-user.target - Multi-User System.
Jan 16 17:16:40 CHISNEY systemd[1]: Reached target graphical.target - Graphical Interface.
Jan 16 17:16:40 CHISNEY systemd[1]: Starting systemd-update-utmp-runlevel.service - Record Runlevel Change in UTMP...
Jan 16 17:16:40 CHISNEY systemd[1]: systemd-update-utmp-runlevel.service: Deactivated successfully.
Jan 16 17:16:40 CHISNEY systemd[1]: Finished systemd-update-utmp-runlevel.service - Record Runlevel Change in UTMP.
Jan 16 17:16:40 CHISNEY systemd[1]: Startup finished in 21.881s.
Jan 16 17:16:39 CHISNEY systemd-resolved[161]: Clock change detected. Flushing caches.
Jan 16 17:16:40 CHISNEY systemd-journald[70]: Time jumped backwards, rotating.
Jan 16 17:16:40 CHISNEY systemd-resolved[161]: Clock change detected. Flushing caches.
Jan 16 17:16:42 CHISNEY wsl-pro-service[205]: WARNING Daemon: could not connect to Windows Agent: could not get address: could not read agent port file "/mnt/c/Users/Hp/.ubuntupro/.address": open /mnt/c/Users/Hp/.ubuntupro/.address: no such file or directory
Jan 16 17:16:45 CHISNEY kernel: hv_balloon: Max. dynamic memory size: 2048 MB
Jan 16 17:16:50 CHISNEY wsl-pro-service[205]: WARNING Daemon: could not connect to Windows Agent: could not get address: could not read agent port file "/mnt/c/Users/Hp/.ubuntupro/.address": open /mnt/c/Users/Hp/.ubuntupro/.address: no such file or directory
Jan 16 17:17:00 CHISNEY systemd[1]: systemd-timedated.service: Deactivated successfully.
Jan 16 17:17:00 CHISNEY CRON[963]: pam_unix(cron:session): session opened for user root(uid=0) by root(uid=0)
Jan 16 17:17:00 CHISNEY CRON[964]: (root) CMD (cd / && run-parts --report /etc/cron.hourly)
Jan 16 17:17:00 CHISNEY CRON[963]: pam_unix(cron:session): session closed for user root
Jan 16 17:17:06 CHISNEY wsl-pro-service[205]: WARNING Daemon: could not connect to Windows Agent: could not get address: could not read agent port file "/mnt/c/Users/Hp/.ubuntupro/.address": open /mnt/c/Users/Hp/.ubuntupro/.address: no such file or directory
Jan 16 17:17:09 CHISNEY systemd-resolved[161]: Clock change detected. Flushing caches.
Jan 16 17:17:09 CHISNEY systemd-resolved[161]: Clock change detected. Flushing caches.
Jan 16 17:17:37 CHISNEY kernel: br-50eadc741d63: port 1(vethed14ee1) entered blocking state
Jan 16 17:17:37 CHISNEY kernel: br-50eadc741d63: port 1(vethed14ee1) entered disabled state
Jan 16 17:17:37 CHISNEY kernel: vethed14ee1: entered allmulticast mode
Jan 16 17:17:37 CHISNEY kernel: vethed14ee1: entered promiscuous mode
Jan 16 17:17:37 CHISNEY kernel: eth0: renamed from veth8280242
Jan 16 17:17:37 CHISNEY kernel: br-50eadc741d63: port 1(vethed14ee1) entered blocking state
Jan 16 17:17:37 CHISNEY kernel: br-50eadc741d63: port 1(vethed14ee1) entered forwarding state
Jan 16 17:17:37 CHISNEY wsl-pro-service[205]: WARNING Daemon: could not connect to Windows Agent: could not get address: could not read agent port file "/mnt/c/Users/Hp/.ubuntupro/.address": open /mnt/c/Users/Hp/.ubuntupro/.address: no such file or directory
Jan 16 17:17:38 CHISNEY systemd-journald[92]: Received client request to flush runtime journal.
Jan 16 17:17:39 CHISNEY systemd-resolved[161]: Clock change detected. Flushing caches.
Jan 16 17:17:39 CHISNEY systemd-resolved[161]: Clock change detected. Flushing caches.
Jan 16 17:18:09 CHISNEY systemd-resolved[161]: Clock change detected. Flushing caches.
Jan 16 17:18:10 CHISNEY systemd-resolved[161]: Clock change detected. Flushing caches.
Jan 16 17:18:38 CHISNEY wsl-pro-service[205]: WARNING Daemon: could not connect to Windows Agent: could not get address: could not read agent port file "/mnt/c/Users/Hp/.ubuntupro/.address": open /mnt/c/Users/Hp/.ubuntupro/.address: no such file or directory
Jan 16 17:18:40 CHISNEY systemd-resolved[161]: Clock change detected. Flushing caches.
Jan 16 17:18:41 CHISNEY systemd-resolved[161]: Clock change detected. Flushing caches.
Jan 16 17:19:11 CHISNEY systemd-resolved[161]: Clock change detected. Flushing caches.
Jan 16 17:19:11 CHISNEY systemd-resolved[161]: Clock change detected. Flushing caches.
Jan 16 17:19:39 CHISNEY wsl-pro-service[205]: WARNING Daemon: could not connect to Windows Agent: could not get address: could not read agent port file "/mnt/c/Users/Hp/.ubuntupro/.address": open /mnt/c/Users/Hp/.ubuntupro/.address: no such file or directory
Jan 16 17:19:41 CHISNEY systemd-resolved[161]: Clock change detected. Flushing caches.
Jan 16 17:19:42 CHISNEY systemd-resolved[161]: Clock change detected. Flushing caches.
Jan 16 17:20:12 CHISNEY systemd-resolved[161]: Clock change detected. Flushing caches.
Jan 16 17:20:13 CHISNEY systemd-resolved[161]: Clock change detected. Flushing caches.
Jan 16 17:20:41 CHISNEY wsl-pro-service[205]: WARNING Daemon: could not connect to Windows Agent: could not get address: could not read agent port file "/mnt/c/Users/Hp/.ubuntupro/.address": open /mnt/c/Users/Hp/.ubuntupro/.address: no such file or directory
Jan 16 17:20:43 CHISNEY systemd-resolved[161]: Clock change detected. Flushing caches.
Jan 16 17:20:44 CHISNEY systemd-resolved[161]: Clock change detected. Flushing caches.
Jan 16 17:21:14 CHISNEY systemd-resolved[161]: Clock change detected. Flushing caches.
Jan 16 17:21:15 CHISNEY systemd-resolved[161]: Clock change detected. Flushing caches.
Jan 16 17:21:43 CHISNEY wsl-pro-service[205]: WARNING Daemon: could not connect to Windows Agent: could not get address: could not read agent port file "/mnt/c/Users/Hp/.ubuntupro/.address": open /mnt/c/Users/Hp/.ubuntupro/.address: no such file or directory
Jan 16 17:21:45 CHISNEY systemd-resolved[161]: Clock change detected. Flushing caches.
Jan 16 17:21:45 CHISNEY systemd-resolved[161]: Clock change detected. Flushing caches.
Jan 16 17:22:09 CHISNEY systemd[414]: launchpadlib-cache-clean.service - Clean up old files in the Launchpadlib cache was skipped because of an unmet condition check (ConditionPathExists=/home/devcontainers/.launchpadlib/api.launchpad.net/cache).
Jan 16 17:22:09 CHISNEY systemd[523]: launchpadlib-cache-clean.service - Clean up old files in the Launchpadlib cache was skipped because of an unmet condition check (ConditionPathExists=/root/.launchpadlib/api.launchpad.net/cache).
Jan 16 17:22:15 CHISNEY systemd-resolved[161]: Clock change detected. Flushing caches.
Jan 16 17:22:16 CHISNEY systemd-resolved[161]: Clock change detected. Flushing caches.
Jan 16 17:22:44 CHISNEY wsl-pro-service[205]: WARNING Daemon: could not connect to Windows Agent: could not get address: could not read agent port file "/mnt/c/Users/Hp/.ubuntupro/.address": open /mnt/c/Users/Hp/.ubuntupro/.address: no such file or directory
Jan 16 17:22:46 CHISNEY systemd-resolved[161]: Clock change detected. Flushing caches.
Jan 16 17:22:47 CHISNEY systemd-resolved[161]: Clock change detected. Flushing caches.
Jan 16 17:23:17 CHISNEY systemd-resolved[161]: Clock change detected. Flushing caches.
Jan 16 17:23:18 CHISNEY systemd-resolved[161]: Clock change detected. Flushing caches.
Jan 16 17:23:46 CHISNEY wsl-pro-service[205]: WARNING Daemon: could not connect to Windows Agent: could not get address: could not read agent port file "/mnt/c/Users/Hp/.ubuntupro/.address": open /mnt/c/Users/Hp/.ubuntupro/.address: no such file or directory
Jan 16 17:23:48 CHISNEY systemd-resolved[161]: Clock change detected. Flushing caches.
Jan 16 17:23:48 CHISNEY systemd-resolved[161]: Clock change detected. Flushing caches.
Jan 16 17:24:18 CHISNEY systemd-resolved[161]: Clock change detected. Flushing caches.
Jan 16 17:24:19 CHISNEY systemd-resolved[161]: Clock change detected. Flushing caches.
Jan 16 17:24:19 CHISNEY systemd[1]: Starting motd-news.service - Message of the Day...
Jan 16 17:24:47 CHISNEY wsl-pro-service[205]: WARNING Daemon: could not connect to Windows Agent: could not get address: could not read agent port file "/mnt/c/Users/Hp/.ubuntupro/.address": open /mnt/c/Users/Hp/.ubuntupro/.address: no such file or directory
Jan 16 17:24:49 CHISNEY systemd-resolved[161]: Clock change detected. Flushing caches.
Jan 16 17:24:50 CHISNEY systemd-resolved[161]: Clock change detected. Flushing caches.
Jan 16 17:25:20 CHISNEY systemd-resolved[161]: Clock change detected. Flushing caches.
Jan 16 17:25:21 CHISNEY systemd-resolved[161]: Clock change detected. Flushing caches.
Jan 16 17:25:33 CHISNEY 50-motd-news[1002]:  * Strictly confined Kubernetes makes edge and IoT secure. Learn how MicroK8s
Jan 16 17:25:33 CHISNEY 50-motd-news[1002]:    just raised the bar for easy, resilient and secure K8s cluster deployment.
Jan 16 17:25:33 CHISNEY 50-motd-news[1002]:    https://ubuntu.com/engage/secure-kubernetes-at-the-edge
Jan 16 17:25:33 CHISNEY systemd[1]: motd-news.service: Deactivated successfully.
Jan 16 17:25:33 CHISNEY systemd[1]: Finished motd-news.service - Message of the Day.
Jan 16 17:25:49 CHISNEY wsl-pro-service[205]: WARNING Daemon: could not connect to Windows Agent: could not get address: could not read agent port file "/mnt/c/Users/Hp/.ubuntupro/.address": open /mnt/c/Users/Hp/.ubuntupro/.address: no such file or directory
Jan 16 17:25:51 CHISNEY systemd-resolved[161]: Clock change detected. Flushing caches.
Jan 16 17:25:52 CHISNEY systemd-resolved[161]: Clock change detected. Flushing caches.
Jan 16 17:26:22 CHISNEY systemd-resolved[161]: Clock change detected. Flushing caches.
Jan 16 17:26:22 CHISNEY systemd-resolved[161]: Clock change detected. Flushing caches.
Jan 16 17:26:51 CHISNEY wsl-pro-service[205]: WARNING Daemon: could not connect to Windows Agent: could not get address: could not read agent port file "/mnt/c/Users/Hp/.ubuntupro/.address": open /mnt/c/Users/Hp/.ubuntupro/.address: no such file or directory
Jan 16 17:26:52 CHISNEY systemd-resolved[161]: Clock change detected. Flushing caches.
Jan 16 17:26:53 CHISNEY systemd-resolved[161]: Clock change detected. Flushing caches.
Jan 16 17:27:23 CHISNEY systemd-resolved[161]: Clock change detected. Flushing caches.
Jan 16 17:27:24 CHISNEY systemd-resolved[161]: Clock change detected. Flushing caches.
Jan 16 17:27:52 CHISNEY wsl-pro-service[205]: WARNING Daemon: could not connect to Windows Agent: could not get address: could not read agent port file "/mnt/c/Users/Hp/.ubuntupro/.address": open /mnt/c/Users/Hp/.ubuntupro/.address: no such file or directory
Jan 16 17:27:52 CHISNEY wsl-pro-service[205]: WARNING Exiting after <nil>: check if the Windows agent is installed and running.
Jan 16 17:27:52 CHISNEY systemd[1]: wsl-pro.service: Deactivated successfully.
Jan 16 17:27:52 CHISNEY systemd[1]: wsl-pro.service: Consumed 1.980s CPU time.
Jan 16 17:27:54 CHISNEY systemd-resolved[161]: Clock change detected. Flushing caches.
Jan 16 17:27:55 CHISNEY systemd-resolved[161]: Clock change detected. Flushing caches.
Jan 16 17:28:25 CHISNEY systemd-resolved[161]: Clock change detected. Flushing caches.
Jan 16 17:28:26 CHISNEY systemd-resolved[161]: Clock change detected. Flushing caches.
Jan 16 17:28:56 CHISNEY systemd-resolved[161]: Clock change detected. Flushing caches.
Jan 16 17:28:57 CHISNEY systemd-resolved[161]: Clock change detected. Flushing caches.
Jan 16 17:29:27 CHISNEY systemd-resolved[161]: Clock change detected. Flushing caches.
Jan 16 17:29:27 CHISNEY systemd-resolved[161]: Clock change detected. Flushing caches.
Jan 16 17:29:58 CHISNEY systemd-resolved[161]: Clock change detected. Flushing caches.
Jan 16 17:29:58 CHISNEY systemd-resolved[161]: Clock change detected. Flushing caches.
Jan 16 17:30:11 CHISNEY kernel: mini_init (160): drop_caches: 1
Jan 16 17:30:28 CHISNEY systemd-resolved[161]: Clock change detected. Flushing caches.
Jan 16 17:30:29 CHISNEY systemd-resolved[161]: Clock change detected. Flushing caches.
Jan 16 17:30:59 CHISNEY systemd-resolved[161]: Clock change detected. Flushing caches.
Jan 16 17:31:00 CHISNEY systemd-resolved[161]: Clock change detected. Flushing caches.
Jan 16 17:31:30 CHISNEY systemd-resolved[161]: Clock change detected. Flushing caches.
Jan 16 17:31:31 CHISNEY systemd-resolved[161]: Clock change detected. Flushing caches.
Jan 16 17:31:54 CHISNEY systemd[1]: Starting systemd-tmpfiles-clean.service - Cleanup of Temporary Directories...
Jan 16 17:31:55 CHISNEY systemd[1]: systemd-tmpfiles-clean.service: Deactivated successfully.
Jan 16 17:31:55 CHISNEY systemd[1]: Finished systemd-tmpfiles-clean.service - Cleanup of Temporary Directories.
Jan 16 17:32:01 CHISNEY systemd-resolved[161]: Clock change detected. Flushing caches.
Jan 16 17:32:02 CHISNEY systemd-resolved[161]: Clock change detected. Flushing caches.
Jan 16 17:32:32 CHISNEY systemd-resolved[161]: Clock change detected. Flushing caches.
Jan 16 17:32:33 CHISNEY systemd-resolved[161]: Clock change detected. Flushing caches.
Jan 16 17:33:03 CHISNEY systemd-resolved[161]: Clock change detected. Flushing caches.
Jan 16 17:33:04 CHISNEY systemd-resolved[161]: Clock change detected. Flushing caches.
Jan 16 17:33:34 CHISNEY systemd-resolved[161]: Clock change detected. Flushing caches.
Jan 16 17:33:35 CHISNEY systemd-resolved[161]: Clock change detected. Flushing caches.
Jan 16 17:34:05 CHISNEY systemd-resolved[161]: Clock change detected. Flushing caches.
Jan 16 17:34:06 CHISNEY systemd-resolved[161]: Clock change detected. Flushing caches.
Jan 16 17:34:36 CHISNEY systemd-resolved[161]: Clock change detected. Flushing caches.
Jan 16 17:34:36 CHISNEY systemd[1]: Starting apt-daily.service - Daily apt download activities...
Jan 16 17:34:37 CHISNEY systemd-resolved[161]: Clock change detected. Flushing caches.
Jan 16 17:34:38 CHISNEY systemd[1]: Starting apt-news.service - Update APT News...
Jan 16 17:34:38 CHISNEY systemd[1]: Starting esm-cache.service - Update the local ESM caches...
Jan 16 17:34:39 CHISNEY systemd[1]: esm-cache.service: Deactivated successfully.
Jan 16 17:34:39 CHISNEY systemd[1]: Finished esm-cache.service - Update the local ESM caches.
Jan 16 17:34:40 CHISNEY dbus-daemon[192]: [system] Activating via systemd: service name='org.freedesktop.PackageKit' unit='packagekit.service' requested by ':1.14' (uid=0 pid=1350 comm="/usr/bin/gdbus call --system --dest org.freedeskto" label="kernel")
Jan 16 17:34:40 CHISNEY systemd[1]: Starting packagekit.service - PackageKit Daemon...
Jan 16 17:34:40 CHISNEY PackageKit[1354]: daemon start
Jan 16 17:34:40 CHISNEY dbus-daemon[192]: [system] Activating via systemd: service name='org.freedesktop.PolicyKit1' unit='polkit.service' requested by ':1.16' (uid=0 pid=1354 comm="/usr/libexec/packagekitd" label="kernel")
Jan 16 17:34:40 CHISNEY systemd[1]: Starting polkit.service - Authorization Manager...
